Archive member included to satisfy reference by file (symbol)

/opt/st/stm32cubeide_1.19.0/plugins/com.st.stm32cube.ide.mcu.externaltools.gnu-tools-for-stm32.13.3.rel1.linux64_1.0.0.202410170706/tools/bin/../lib/gcc/arm-none-eabi/13.3.1/../../../../arm-none-eabi/lib/thumb/v7e-m+fp/hard/libc_nano.a(libc_a-exit.o)
                              /opt/st/stm32cubeide_1.19.0/plugins/com.st.stm32cube.ide.mcu.externaltools.gnu-tools-for-stm32.13.3.rel1.linux64_1.0.0.202410170706/tools/bin/../lib/gcc/arm-none-eabi/13.3.1/../../../../arm-none-eabi/lib/thumb/v7e-m+fp/hard/crt0.o (exit)
/opt/st/stm32cubeide_1.19.0/plugins/com.st.stm32cube.ide.mcu.externaltools.gnu-tools-for-stm32.13.3.rel1.linux64_1.0.0.202410170706/tools/bin/../lib/gcc/arm-none-eabi/13.3.1/../../../../arm-none-eabi/lib/thumb/v7e-m+fp/hard/libc_nano.a(libc_a-findfp.o)
                              /opt/st/stm32cubeide_1.19.0/plugins/com.st.stm32cube.ide.mcu.externaltools.gnu-tools-for-stm32.13.3.rel1.linux64_1.0.0.202410170706/tools/bin/../lib/gcc/arm-none-eabi/13.3.1/../../../../arm-none-eabi/lib/thumb/v7e-m+fp/hard/libc_nano.a(libc_a-exit.o) (__stdio_exit_handler)
/opt/st/stm32cubeide_1.19.0/plugins/com.st.stm32cube.ide.mcu.externaltools.gnu-tools-for-stm32.13.3.rel1.linux64_1.0.0.202410170706/tools/bin/../lib/gcc/arm-none-eabi/13.3.1/../../../../arm-none-eabi/lib/thumb/v7e-m+fp/hard/libc_nano.a(libc_a-fwalk.o)
                              /opt/st/stm32cubeide_1.19.0/plugins/com.st.stm32cube.ide.mcu.externaltools.gnu-tools-for-stm32.13.3.rel1.linux64_1.0.0.202410170706/tools/bin/../lib/gcc/arm-none-eabi/13.3.1/../../../../arm-none-eabi/lib/thumb/v7e-m+fp/hard/libc_nano.a(libc_a-findfp.o) (_fwalk_sglue)
/opt/st/stm32cubeide_1.19.0/plugins/com.st.stm32cube.ide.mcu.externaltools.gnu-tools-for-stm32.13.3.rel1.linux64_1.0.0.202410170706/tools/bin/../lib/gcc/arm-none-eabi/13.3.1/../../../../arm-none-eabi/lib/thumb/v7e-m+fp/hard/libc_nano.a(libc_a-sprintf.o)
                              ./Core/Src/tof_manager.o (sprintf)
/opt/st/stm32cubeide_1.19.0/plugins/com.st.stm32cube.ide.mcu.externaltools.gnu-tools-for-stm32.13.3.rel1.linux64_1.0.0.202410170706/tools/bin/../lib/gcc/arm-none-eabi/13.3.1/../../../../arm-none-eabi/lib/thumb/v7e-m+fp/hard/libc_nano.a(libc_a-stdio.o)
                              /opt/st/stm32cubeide_1.19.0/plugins/com.st.stm32cube.ide.mcu.externaltools.gnu-tools-for-stm32.13.3.rel1.linux64_1.0.0.202410170706/tools/bin/../lib/gcc/arm-none-eabi/13.3.1/../../../../arm-none-eabi/lib/thumb/v7e-m+fp/hard/libc_nano.a(libc_a-findfp.o) (__sread)
/opt/st/stm32cubeide_1.19.0/plugins/com.st.stm32cube.ide.mcu.externaltools.gnu-tools-for-stm32.13.3.rel1.linux64_1.0.0.202410170706/tools/bin/../lib/gcc/arm-none-eabi/13.3.1/../../../../arm-none-eabi/lib/thumb/v7e-m+fp/hard/libc_nano.a(libc_a-memset.o)
                              /opt/st/stm32cubeide_1.19.0/plugins/com.st.stm32cube.ide.mcu.externaltools.gnu-tools-for-stm32.13.3.rel1.linux64_1.0.0.202410170706/tools/bin/../lib/gcc/arm-none-eabi/13.3.1/../../../../arm-none-eabi/lib/thumb/v7e-m+fp/hard/crt0.o (memset)
/opt/st/stm32cubeide_1.19.0/plugins/com.st.stm32cube.ide.mcu.externaltools.gnu-tools-for-stm32.13.3.rel1.linux64_1.0.0.202410170706/tools/bin/../lib/gcc/arm-none-eabi/13.3.1/../../../../arm-none-eabi/lib/thumb/v7e-m+fp/hard/libc_nano.a(libc_a-closer.o)
                              /opt/st/stm32cubeide_1.19.0/plugins/com.st.stm32cube.ide.mcu.externaltools.gnu-tools-for-stm32.13.3.rel1.linux64_1.0.0.202410170706/tools/bin/../lib/gcc/arm-none-eabi/13.3.1/../../../../arm-none-eabi/lib/thumb/v7e-m+fp/hard/libc_nano.a(libc_a-stdio.o) (_close_r)
/opt/st/stm32cubeide_1.19.0/plugins/com.st.stm32cube.ide.mcu.externaltools.gnu-tools-for-stm32.13.3.rel1.linux64_1.0.0.202410170706/tools/bin/../lib/gcc/arm-none-eabi/13.3.1/../../../../arm-none-eabi/lib/thumb/v7e-m+fp/hard/libc_nano.a(libc_a-reent.o)
                              /opt/st/stm32cubeide_1.19.0/plugins/com.st.stm32cube.ide.mcu.externaltools.gnu-tools-for-stm32.13.3.rel1.linux64_1.0.0.202410170706/tools/bin/../lib/gcc/arm-none-eabi/13.3.1/../../../../arm-none-eabi/lib/thumb/v7e-m+fp/hard/libc_nano.a(libc_a-closer.o) (errno)
/opt/st/stm32cubeide_1.19.0/plugins/com.st.stm32cube.ide.mcu.externaltools.gnu-tools-for-stm32.13.3.rel1.linux64_1.0.0.202410170706/tools/bin/../lib/gcc/arm-none-eabi/13.3.1/../../../../arm-none-eabi/lib/thumb/v7e-m+fp/hard/libc_nano.a(libc_a-impure.o)
                              /opt/st/stm32cubeide_1.19.0/plugins/com.st.stm32cube.ide.mcu.externaltools.gnu-tools-for-stm32.13.3.rel1.linux64_1.0.0.202410170706/tools/bin/../lib/gcc/arm-none-eabi/13.3.1/../../../../arm-none-eabi/lib/thumb/v7e-m+fp/hard/libc_nano.a(libc_a-sprintf.o) (_impure_ptr)
/opt/st/stm32cubeide_1.19.0/plugins/com.st.stm32cube.ide.mcu.externaltools.gnu-tools-for-stm32.13.3.rel1.linux64_1.0.0.202410170706/tools/bin/../lib/gcc/arm-none-eabi/13.3.1/../../../../arm-none-eabi/lib/thumb/v7e-m+fp/hard/libc_nano.a(libc_a-lseekr.o)
[...]
Memory Configuration

Name             Origin             Length             Attributes
RAM              0x20000000         0x00008000         xrw
FLASH            0x08000000         0x00020000         xr
*default*        0x00000000         0xffffffff

Linker script and memory map

LOAD /opt/st/stm32cubeide_1.19.0/plugins/com.st.stm32cube.ide.mcu.externaltools.gnu-tools-for-stm32.13.3.rel1.linux64_1.0.0.202410170706/tools/bin/../lib/gcc/arm-none-eabi/13.3.1/thumb/v7e-m+fp/hard/crti.o
LOAD /opt/st/stm32cubeide_1.19.0/plugins/com.st.stm32cube.ide.mcu.externaltools.gnu-tools-for-stm32.13.3.rel1.linux64_1.0.0.202410170706/tools/bin/../lib/gcc/arm-none-eabi/13.3.1/thumb/v7e-m+fp/hard/crtbegin.o
LOAD /opt/st/stm32cubeide_1.19.0/plugins/com.st.stm32cube.ide.mcu.externaltools.gnu-tools-for-stm32.13.3.rel1.linux64_1.0.0.202410170706/tools/bin/../lib/gcc/arm-none-eabi/13.3.1/../../../../arm-none-eabi/lib/thumb/v7e-m+fp/hard/crt0.o
LOAD ./Core/Src/AXL_A12.o
LOAD ./Core/Src/Battery_manager.o
LOAD ./Core/Src/Neopixel.o
LOAD ./Core/Src/XL_430.o
LOAD ./Core/Src/app_freertos.o
LOAD ./Core/Src/kst.o
LOAD ./Core/Src/main.o
LOAD ./Core/Src/pump.o
LOAD ./Core/Src/stm32g4xx_hal_msp.o
LOAD ./Core/Src/stm32g4xx_hal_timebase_tim.o
LOAD ./Core/Src/stm32g4xx_it.o
LOAD ./Core/Src/syscalls.o
LOAD ./Core/Src/sysmem.o
LOAD ./Core/Src/system_stm32g4xx.o
LOAD ./Core/Src/tof_manager.o
LOAD ./Core/Src/utils.o
LOAD ./Core/Src/VL53L0X/core/src/vl53l0x_api.o
LOAD ./Core/Src/VL53L0X/core/src/vl53l0x_api_calibration.o
LOAD ./Core/Src/VL53L0X/core/src/vl53l0x_api_core.o
LOAD ./Core/Src/VL53L0X/core/src/vl53l0x_api_ranging.o
LOAD ./Core/Src/VL53L0X/core/src/vl53l0x_api_strings.o
LOAD ./Core/Src/VL53L0X/platform/src/vl53l0x_platform.o
LOAD ./Core/Startup/startup_stm32g431cbux.o
LOAD ./Drivers/STM32G4xx_HAL_Driver/Src/stm32g4xx_hal.o
LOAD ./Drivers/STM32G4xx_HAL_Driver/Src/stm32g4xx_hal_adc.o
LOAD ./Drivers/STM32G4xx_HAL_Driver/Src/stm32g4xx_hal_adc_ex.o
LOAD ./Drivers/STM32G4xx_HAL_Driver/Src/stm32g4xx_hal_cortex.o
LOAD ./Drivers/STM32G4xx_HAL_Driver/Src/stm32g4xx_hal_dma.o
LOAD ./Drivers/STM32G4xx_HAL_Driver/Src/stm32g4xx_hal_dma_ex.o
LOAD ./Drivers/STM32G4xx_HAL_Driver/Src/stm32g4xx_hal_exti.o
LOAD ./Drivers/STM32G4xx_HAL_Driver/Src/stm32g4xx_hal_flash.o
LOAD ./Drivers/STM32G4xx_HAL_Driver/Src/stm32g4xx_hal_flash_ex.o
LOAD ./Drivers/STM32G4xx_HAL_Driver/Src/stm32g4xx_hal_flash_ramfunc.o
LOAD ./Drivers/STM32G4xx_HAL_Driver/Src/stm32g4xx_hal_gpio.o
LOAD ./Drivers/STM32G4xx_HAL_Driver/Src/stm32g4xx_hal_i2c.o
LOAD ./Drivers/STM32G4xx_HAL_Driver/Src/stm32g4xx_hal_i2c_ex.o
LOAD ./Drivers/STM32G4xx_HAL_Driver/Src/stm32g4xx_hal_pwr.o
LOAD ./Drivers/STM32G4xx_HAL_Driver/Src/stm32g4xx_hal_pwr_ex.o
LOAD ./Drivers/STM32G4xx_HAL_Driver/Src/stm32g4xx_hal_rcc.o
LOAD ./Drivers/STM32G4xx_HAL_Driver/Src/stm32g4xx_hal_rcc_ex.o
LOAD ./Drivers/STM32G4xx_HAL_Driver/Src/stm32g4xx_hal_tim.o
LOAD ./Drivers/STM32G4xx_HAL_Driver/Src/stm32g4xx_hal_tim_ex.o
LOAD ./Drivers/STM32G4xx_HAL_Driver/Src/stm32g4xx_hal_uart.o
LOAD ./Drivers/STM32G4xx_HAL_Driver/Src/stm32g4xx_hal_uart_ex.o
LOAD ./Drivers/STM32G4xx_HAL_Driver/Src/stm32g4xx_ll_adc.o
LOAD ./Middlewares/Third_Party/FreeRTOS/Source/CMSIS_RTOS_V2/cmsis_os2.o
LOAD ./Middlewares/Third_Party/FreeRTOS/Source/croutine.o
LOAD ./Middlewares/Third_Party/FreeRTOS/Source/event_groups.o
LOAD ./Middlewares/Third_Party/FreeRTOS/Source/list.o
LOAD ./Middlewares/Third_Party/FreeRTOS/Source/queue.o
LOAD ./Middlewares/Third_Party/FreeRTOS/Source/stream_buffer.o
LOAD ./Middlewares/Third_Party/FreeRTOS/Source/tasks.o
LOAD ./Middlewares/Third_Party/FreeRTOS/Source/timers.o
LOAD ./Middlewares/Third_Party/FreeRTOS/Source/portable/GCC/ARM_CM4F/port.o
LOAD ./Middlewares/Third_Party/FreeRTOS/Source/portable/MemMang/heap_4.o
START GROUP
LOAD /opt/st/stm32cubeide_1.19.0/plugins/com.st.stm32cube.ide.mcu.externaltools.gnu-tools-for-stm32.13.3.rel1.linux64_1.0.0.202410170706/tools/bin/../lib/gcc/arm-none-eabi/13.3.1/../../../../arm-none-eabi/lib/thumb/v7e-m+fp/hard/libc_nano.a
LOAD /opt/st/stm32cubeide_1.19.0/plugins/com.st.stm32cube.ide.mcu.externaltools.gnu-tools-for-stm32.13.3.rel1.linux64_1.0.0.202410170706/tools/bin/../lib/gcc/arm-none-eabi/13.3.1/../../../../arm-none-eabi/lib/thumb/v7e-m+fp/hard/libm.a
END GROUP
START GROUP
LOAD /opt/st/stm32cubeide_1.19.0/plugins/com.st.stm32cube.ide.mcu.externaltools.gnu-tools-for-stm32.13.3.rel1.linux64_1.0.0.202410170706/tools/bin/../lib/gcc/arm-none-eabi/13.3.1/thumb/v7e-m+fp/hard/libgcc.a
LOAD /opt/st/stm32cubeide_1.19.0/plugins/com.st.stm32cube.ide.mcu.externaltools.gnu-tools-for-stm32.13.3.rel1.linux64_1.0.0.202410170706/tools/bin/../lib/gcc/arm-none-eabi/13.3.1/../../../../arm-none-eabi/lib/thumb/v7e-m+fp/hard/libc_nano.a
END GROUP
START GROUP
LOAD /opt/st/stm32cubeide_1.19.0/plugins/com.st.stm32cube.ide.mcu.externaltools.gnu-tools-for-stm32.13.3.rel1.linux64_1.0.0.202410170706/tools/bin/../lib/gcc/arm-none-eabi/13.3.1/thumb/v7e-m+fp/hard/libgcc.a
LOAD /opt/st/stm32cubeide_1.19.0/plugins/com.st.stm32cube.ide.mcu.externaltools.gnu-tools-for-stm32.13.3.rel1.linux64_1.0.0.202410170706/tools/bin/../lib/gcc/arm-none-eabi/13.3.1/../../../../arm-none-eabi/lib/thumb/v7e-m+fp/hard/libc_nano.a
LOAD /opt/st/stm32cubeide_1.19.0/plugins/com.st.stm32cube.ide.mcu.externaltools.gnu-tools-for-stm32.13.3.rel1.linux64_1.0.0.202410170706/tools/bin/../lib/gcc/arm-none-eabi/13.3.1/../../../../arm-none-eabi/lib/thumb/v7e-m+fp/hard/libnosys.a
END GROUP
START GROUP
LOAD /opt/st/stm32cubeide_1.19.0/plugins/com.st.stm32cube.ide.mcu.externaltools.gnu-tools-for-stm32.13.3.rel1.linux64_1.0.0.202410170706/tools/bin/../lib/gcc/arm-none-eabi/13.3.1/thumb/v7e-m+fp/hard/libgcc.a
LOAD /opt/st/stm32cubeide_1.19.0/plugins/com.st.stm32cube.ide.mcu.externaltools.gnu-tools-for-stm32.13.3.rel1.linux64_1.0.0.202410170706/tools/bin/../lib/gcc/arm-none-eabi/13.3.1/../../../../arm-none-eabi/lib/thumb/v7e-m+fp/hard/libc_nano.a
LOAD /opt/st/stm32cubeide_1.19.0/plugins/com.st.stm32cube.ide.mcu.externaltools.gnu-tools-for-stm32.13.3.rel1.linux64_1.0.0.202410170706/tools/bin/../lib/gcc/arm-none-eabi/13.3.1/../../../../arm-none-eabi/lib/thumb/v7e-m+fp/hard/libnosys.a
END GROUP
LOAD /opt/st/stm32cubeide_1.19.0/plugins/com.st.stm32cube.ide.mcu.externaltools.gnu-tools-for-stm32.13.3.rel1.linux64_1.0.0.202410170706/tools/bin/../lib/gcc/arm-none-eabi/13.3.1/thumb/v7e-m+fp/hard/crtend.o
LOAD /opt/st/stm32cubeide_1.19.0/plugins/com.st.stm32cube.ide.mcu.externaltools.gnu-tools-for-stm32.13.3.rel1.linux64_1.0.0.202410170706/tools/bin/../lib/gcc/arm-none-eabi/13.3.1/thumb/v7e-m+fp/hard/crtn.o
                0x20008000                        _estack = (ORIGIN (RAM) + LENGTH (RAM))
                0x00000200                        _Min_Heap_Size = 0x200
                0x00000400                        _Min_Stack_Size = 0x400

.isr_vector     0x08000000      0x1d8
                0x08000000                        . = ALIGN (0x4)
 *(.isr_vector)
 .isr_vector    0x08000000      0x1d8 ./Core/Startup/startup_stm32g431cbux.o
                0x08000000                g_pfnVectors
                0x080001d8                        . = ALIGN (0x4)

.text           0x080001e0    0x13734
                0x080001e0                        . = ALIGN (0x4)
 *(.text)
 .text          0x080001e0       0x40 /opt/st/stm32cubeide_1.19.0/plugins/com.st.stm32cube.ide.mcu.externaltools.gnu-tools-for-stm32.13.3.rel1.linux64_1.0.0.202410170706/tools/bin/../lib/gcc/arm-none-eabi/13.3.1/thumb/v7e-m+fp/hard/crtbegin.o
 .text          0x08000220      0x378 /opt/st/stm32cubeide_1.19.0/plugins/com.st.stm32cube.ide.mcu.externaltools.gnu-tools-for-stm32.13.3.rel1.linux64_1.0.0.202410170706/tools/bin/../lib/gcc/arm-none-eabi/13.3.1/thumb/v7e-m+fp/hard/libgcc.a(_arm_addsubdf3.o)
                0x08000220                __aeabi_drsub
                0x08000228                __aeabi_dsub
                0x08000228                __subdf3
                0x0800022c                __adddf3
                0x0800022c                __aeabi_dadd
                0x080004a4                __aeabi_ui2d
                0x080004a4                __floatunsidf
                0x080004c4                __floatsidf
                0x080004c4                __aeabi_i2d
                0x080004e8                __extendsfdf2
                0x080004e8                __aeabi_f2d
                0x0800052c                __aeabi_ul2d
                0x0800052c                __floatundidf
                0x0800053c                __floatdidf
                0x0800053c                __aeabi_l2d
 .text          0x08000598      0x424 /opt/st/stm32cubeide_1.19.0/plugins/com.st.stm32cube.ide.mcu.externaltools.gnu-tools-for-stm32.13.3.rel1.linux64_1.0.0.202410170706/tools/bin/../lib/gcc/arm-none-eabi/13.3.1/thumb/v7e-m+fp/hard/libgcc.a(_arm_muldivdf3.o)
                0x08000598                __aeabi_dmul
                0x08000598                __muldf3
                0x080007ec                __aeabi_ddiv
                0x080007ec                __divdf3
 .text          0x080009bc       0x50 /opt/st/stm32cubeide_1.19.0/plugins/com.st.stm32cube.ide.mcu.externaltools.gnu-tools-for-stm32.13.3.rel1.linux64_1.0.0.202410170706/tools/bin/../lib/gcc/arm-none-eabi/13.3.1/thumb/v7e-m+fp/hard/libgcc.a(_arm_fixdfsi.o)
                0x080009bc                __fixdfsi
                0x080009bc                __aeabi_d2iz
 .text          0x08000a0c       0x30 /opt/st/stm32cubeide_1.19.0/plugins/com.st.stm32cube.ide.mcu.externaltools.gnu-tools-for-stm32.13.3.rel1.linux64_1.0.0.202410170706/tools/bin/../lib/gcc/arm-none-eabi/13.3.1/thumb/v7e-m+fp/hard/libgcc.a(_aeabi_uldivmod.o)
                0x08000a0c                __aeabi_uldivmod
 .text          0x08000a3c      0x2f8 /opt/st/stm32cubeide_1.19.0/plugins/com.st.stm32cube.ide.mcu.externaltools.gnu-tools-for-stm32.13.3.rel1.linux64_1.0.0.202410170706/tools/bin/../lib/gcc/arm-none-eabi/13.3.1/thumb/v7e-m+fp/hard/libgcc.a(_udivmoddi4.o)
                0x08000a3c                __udivmoddi4
 .text          0x08000d34        0x4 /opt/st/stm32cubeide_1.19.0/plugins/com.st.stm32cube.ide.mcu.externaltools.gnu-tools-for-stm32.13.3.rel1.linux64_1.0.0.202410170706/tools/bin/../lib/gcc/arm-none-eabi/13.3.1/thumb/v7e-m+fp/hard/libgcc.a(_dvmd_tls.o)
                0x08000d34                __aeabi_ldiv0
                0x08000d34                __aeabi_idiv0
 *(.text*)
 .text.Battery_Init
                0x08000d38       0x36 ./Core/Src/Battery_manager.o
                0x08000d38                Battery_Init
 *fill*         0x08000d6e        0x2 
 .text.Battery_Update
                0x08000d70       0xbc ./Core/Src/Battery_manager.o
                0x08000d70                Battery_Update
 .text.Battery_UpdateLEDs
                0x08000e2c       0xa0 ./Core/Src/Battery_manager.o
                0x08000e2c                Battery_UpdateLEDs
 .text.WS2812_Init
                0x08000ecc       0x34 ./Core/Src/Neopixel.o
                0x08000ecc                WS2812_Init
 .text.WS2812_SetColor
                0x08000f00       0x90 ./Core/Src/Neopixel.o
                0x08000f00                WS2812_SetColor
 .text.WS2812_Refresh
                0x08000f90       0x3c ./Core/Src/Neopixel.o
                0x08000f90                WS2812_Refresh
 .text.HAL_TIM_PWM_PulseFinishedCallback
                0x08000fcc       0x34 ./Core/Src/Neopixel.o
                0x08000fcc                HAL_TIM_PWM_PulseFinishedCallback
 .text.update_crc
                0x08001000       0x64 ./Core/Src/XL_430.o
 .text.XL430_Transmit
                0x08001064       0x58 ./Core/Src/XL_430.o
 .text.XL430_Init
                0x080010bc       0x20 ./Core/Src/XL_430.o
                0x080010bc                XL430_Init
 .text.XL430_WriteByte
                0x080010dc       0x7c ./Core/Src/XL_430.o
                0x080010dc                XL430_WriteByte
 .text.XL430_WriteDWord
                0x08001158       0x94 ./Core/Src/XL_430.o
                0x08001158                XL430_WriteDWord
 .text.XL430_SetTorque
                0x080011ec       0x24 ./Core/Src/XL_430.o
                0x080011ec                XL430_SetTorque
 .text.XL430_SetGoalPosition
                0x08001210       0x6c ./Core/Src/XL_430.o
                0x08001210                XL430_SetGoalPosition
 .text.XL430_DegToTicks
                0x0800127c       0x3c ./Core/Src/XL_430.o
 .text.XL430_SetPositionMode
                0x080012b8       0x44 ./Core/Src/XL_430.o
                0x080012b8                XL430_SetPositionMode
 .text.XL430_GoToAngle
                0x080012fc       0x2c ./Core/Src/XL_430.o
                0x080012fc                XL430_GoToAngle
 .text.XL430_GetPresentPosition
                0x08001328      0x17c ./Core/Src/XL_430.o
                0x08001328                XL430_GetPresentPosition
 .text.XL430_SetVelocityMode
                0x080014a4       0x44 ./Core/Src/XL_430.o
                0x080014a4                XL430_SetVelocityMode
 .text.Motor_Init
                0x080014e8       0x58 ./Core/Src/XL_430.o
                0x080014e8                Motor_Init
 .text.XL430_SetVelocity_Sync
                0x08001540      0x220 ./Core/Src/XL_430.o
                0x08001540                XL430_SetVelocity_Sync
 .text.Robot_Move_Forward
                0x08001760       0xbc ./Core/Src/XL_430.o
                0x08001760                Robot_Move_Forward
 *fill*         0x0800181c        0x4 
 .text.Robot_Rotate
                0x08001820      0x140 ./Core/Src/XL_430.o
                0x08001820                Robot_Rotate
 .text.HAL_UART_RxCpltCallback
                0x08001960       0x30 ./Core/Src/XL_430.o
                0x08001960                HAL_UART_RxCpltCallback
 .text.Robot_Move_Backwards
                0x08001990       0xd4 ./Core/Src/XL_430.o
                0x08001990                Robot_Move_Backwards
 .text.ARM_UP   0x08001a64       0x18 ./Core/Src/XL_430.o
                0x08001a64                ARM_UP
 .text.ARM_DOWN_1
                0x08001a7c       0x18 ./Core/Src/XL_430.o
                0x08001a7c                ARM_DOWN_1
 .text.ARM_DOWN_2
                0x08001a94       0x18 ./Core/Src/XL_430.o
                0x08001a94                ARM_DOWN_2
 .text.KST_Init
                0x08001aac       0x24 ./Core/Src/kst.o
                0x08001aac                KST_Init
 .text.KST_Servo_SetAngle
                0x08001ad0       0xd4 ./Core/Src/kst.o
                0x08001ad0                KST_Servo_SetAngle
 .text.main     0x08001ba4       0x74 ./Core/Src/main.o
                0x08001ba4                main
 .text.SystemClock_Config
                0x08001c18       0x80 ./Core/Src/main.o
                0x08001c18                SystemClock_Config
 .text.MX_ADC1_Init
                0x08001c98       0xf0 ./Core/Src/main.o
 .text.MX_I2C1_Init
                0x08001d88       0x80 ./Core/Src/main.o
 .text.MX_TIM2_Init
                0x08001e08       0x9c ./Core/Src/main.o
 .text.MX_TIM3_Init
                0x08001ea4      0x11c ./Core/Src/main.o
 .text.MX_TIM4_Init
                0x08001fc0       0xec ./Core/Src/main.o
 .text.MX_USART2_UART_Init
                0x080020ac       0x98 ./Core/Src/main.o
 .text.MX_USART3_UART_Init
                0x08002144       0x98 ./Core/Src/main.o
 .text.MX_DMA_Init
                0x080021dc       0x64 ./Core/Src/main.o
 .text.MX_GPIO_Init
                0x08002240      0x148 ./Core/Src/main.o
 .text.HAL_GPIO_EXTI_Callback
                0x08002388       0x5c ./Core/Src/main.o
                0x08002388                HAL_GPIO_EXTI_Callback
 .text.System   0x080023e4       0x4c ./Core/Src/main.o
                0x080023e4                System
 .text.Action   0x08002430      0x380 ./Core/Src/main.o
                0x08002430                Action
 .text.HAL_TIM_PeriodElapsedCallback
                0x080027b0       0x24 ./Core/Src/main.o
                0x080027b0                HAL_TIM_PeriodElapsedCallback
 .text.Error_Handler
                0x080027d4        0xc ./Core/Src/main.o
                0x080027d4                Error_Handler
 .text.Pump_Start
                0x080027e0       0x1c ./Core/Src/pump.o
                0x080027e0                Pump_Start
 .text.Pump_Stop
                0x080027fc       0x1c ./Core/Src/pump.o
                0x080027fc                Pump_Stop
 .text.HAL_MspInit
                0x08002818       0x54 ./Core/Src/stm32g4xx_hal_msp.o
                0x08002818                HAL_MspInit
 .text.HAL_ADC_MspInit
                0x0800286c       0xbc ./Core/Src/stm32g4xx_hal_msp.o
                0x0800286c                HAL_ADC_MspInit
 .text.HAL_I2C_MspInit
                0x08002928       0xd4 ./Core/Src/stm32g4xx_hal_msp.o
                0x08002928                HAL_I2C_MspInit
 .text.HAL_TIM_Base_MspInit
                0x080029fc      0x114 ./Core/Src/stm32g4xx_hal_msp.o
                0x080029fc                HAL_TIM_Base_MspInit
 .text.HAL_TIM_MspPostInit
                0x08002b10      0x130 ./Core/Src/stm32g4xx_hal_msp.o
                0x08002b10                HAL_TIM_MspPostInit
 .text.HAL_UART_MspInit
                0x08002c40      0x1ac ./Core/Src/stm32g4xx_hal_msp.o
                0x08002c40                HAL_UART_MspInit
 .text.HAL_InitTick
                0x08002dec       0xd8 ./Core/Src/stm32g4xx_hal_timebase_tim.o
                0x08002dec                HAL_InitTick
 .text.NMI_Handler
                0x08002ec4        0x8 ./Core/Src/stm32g4xx_it.o
                0x08002ec4                NMI_Handler
 .text.HardFault_Handler
                0x08002ecc        0x8 ./Core/Src/stm32g4xx_it.o
                0x08002ecc                HardFault_Handler
 .text.MemManage_Handler
                0x08002ed4        0x8 ./Core/Src/stm32g4xx_it.o
                0x08002ed4                MemManage_Handler
 .text.BusFault_Handler
                0x08002edc        0x8 ./Core/Src/stm32g4xx_it.o
                0x08002edc                BusFault_Handler
 .text.UsageFault_Handler
                0x08002ee4        0x8 ./Core/Src/stm32g4xx_it.o
                0x08002ee4                UsageFault_Handler
 .text.DebugMon_Handler
                0x08002eec        0xe ./Core/Src/stm32g4xx_it.o
                0x08002eec                DebugMon_Handler
 .text.EXTI0_IRQHandler
                0x08002efa        0xe ./Core/Src/stm32g4xx_it.o
                0x08002efa                EXTI0_IRQHandler
 .text.DMA1_Channel1_IRQHandler
                0x08002f08       0x14 ./Core/Src/stm32g4xx_it.o
                0x08002f08                DMA1_Channel1_IRQHandler
 .text.DMA1_Channel2_IRQHandler
                0x08002f1c       0x14 ./Core/Src/stm32g4xx_it.o
                0x08002f1c                DMA1_Channel2_IRQHandler
 .text.ADC1_2_IRQHandler
                0x08002f30       0x14 ./Core/Src/stm32g4xx_it.o
                0x08002f30                ADC1_2_IRQHandler
 .text.EXTI9_5_IRQHandler
                0x08002f44        0xe ./Core/Src/stm32g4xx_it.o
                0x08002f44                EXTI9_5_IRQHandler
 *fill*         0x08002f52        0x2 
 .text.TIM1_TRG_COM_TIM17_IRQHandler
                0x08002f54       0x14 ./Core/Src/stm32g4xx_it.o
                0x08002f54                TIM1_TRG_COM_TIM17_IRQHandler
 .text.TIM2_IRQHandler
                0x08002f68       0x14 ./Core/Src/stm32g4xx_it.o
                0x08002f68                TIM2_IRQHandler
 .text.TIM3_IRQHandler
                0x08002f7c       0x14 ./Core/Src/stm32g4xx_it.o
                0x08002f7c                TIM3_IRQHandler
 .text.TIM4_IRQHandler
                0x08002f90       0x14 ./Core/Src/stm32g4xx_it.o
                0x08002f90                TIM4_IRQHandler
 .text.I2C1_EV_IRQHandler
                0x08002fa4       0x14 ./Core/Src/stm32g4xx_it.o
                0x08002fa4                I2C1_EV_IRQHandler
 .text.I2C1_ER_IRQHandler
                0x08002fb8       0x14 ./Core/Src/stm32g4xx_it.o
                0x08002fb8                I2C1_ER_IRQHandler
 .text.USART2_IRQHandler
                0x08002fcc       0x14 ./Core/Src/stm32g4xx_it.o
                0x08002fcc                USART2_IRQHandler
 .text.USART3_IRQHandler
                0x08002fe0       0x14 ./Core/Src/stm32g4xx_it.o
                0x08002fe0                USART3_IRQHandler
 .text.SystemInit
                0x08002ff4       0x24 ./Core/Src/system_stm32g4xx.o
                0x08002ff4                SystemInit
 .text.TOF_Init_Single
                0x08003018      0x184 ./Core/Src/tof_manager.o
 .text.TOF_Init_All
                0x0800319c       0xe8 ./Core/Src/tof_manager.o
                0x0800319c                TOF_Init_All
 .text.TOF_Read_All
                0x08003284       0xb0 ./Core/Src/tof_manager.o
                0x08003284                TOF_Read_All
 .text.Robot_Move_Until_TOF_Distance
                0x08003334       0x50 ./Core/Src/utils.o
                0x08003334                Robot_Move_Until_TOF_Distance
 .text.HAND_STOP_DETECT
                0x08003384       0x2c ./Core/Src/utils.o
                0x08003384                HAND_STOP_DETECT
 .text.VL53L0X_SetOffsetCalibrationDataMicroMeter
                0x080033b0       0x26 ./Core/Src/VL53L0X/core/src/vl53l0x_api.o
                0x080033b0                VL53L0X_SetOffsetCalibrationDataMicroMeter
 .text.VL53L0X_GetOffsetCalibrationDataMicroMeter
                0x080033d6       0x26 ./Core/Src/VL53L0X/core/src/vl53l0x_api.o
                0x080033d6                VL53L0X_GetOffsetCalibrationDataMicroMeter
 .text.VL53L0X_SetDeviceAddress
                0x080033fc       0x30 ./Core/Src/VL53L0X/core/src/vl53l0x_api.o
                0x080033fc                VL53L0X_SetDeviceAddress
 .text.VL53L0X_DataInit
                0x0800342c      0x2c8 ./Core/Src/VL53L0X/core/src/vl53l0x_api.o
                0x0800342c                VL53L0X_DataInit
 .text.VL53L0X_StaticInit
                0x080036f4      0x300 ./Core/Src/VL53L0X/core/src/vl53l0x_api.o
                0x080036f4                VL53L0X_StaticInit
 .text.VL53L0X_GetDeviceParameters
                0x080039f4      0x120 ./Core/Src/VL53L0X/core/src/vl53l0x_api.o
                0x080039f4                VL53L0X_GetDeviceParameters
 .text.VL53L0X_SetDeviceMode
                0x08003b14       0x58 ./Core/Src/VL53L0X/core/src/vl53l0x_api.o
                0x08003b14                VL53L0X_SetDeviceMode
 .text.VL53L0X_GetDeviceMode
                0x08003b6c       0x26 ./Core/Src/VL53L0X/core/src/vl53l0x_api.o
                0x08003b6c                VL53L0X_GetDeviceMode
 .text.VL53L0X_GetFractionEnable
                0x08003b92       0x3e ./Core/Src/VL53L0X/core/src/vl53l0x_api.o
                0x08003b92                VL53L0X_GetFractionEnable
 .text.VL53L0X_SetMeasurementTimingBudgetMicroSeconds
                0x08003bd0       0x26 ./Core/Src/VL53L0X/core/src/vl53l0x_api.o
                0x08003bd0                VL53L0X_SetMeasurementTimingBudgetMicroSeconds
 .text.VL53L0X_GetMeasurementTimingBudgetMicroSeconds
                0x08003bf6       0x26 ./Core/Src/VL53L0X/core/src/vl53l0x_api.o
                0x08003bf6                VL53L0X_GetMeasurementTimingBudgetMicroSeconds
 .text.VL53L0X_GetVcselPulsePeriod
                0x08003c1c       0x2e ./Core/Src/VL53L0X/core/src/vl53l0x_api.o
                0x08003c1c                VL53L0X_GetVcselPulsePeriod
 *fill*         0x08003c4a        0x2 
 .text.VL53L0X_SetSequenceStepEnable
                0x08003c4c      0x140 ./Core/Src/VL53L0X/core/src/vl53l0x_api.o
                0x08003c4c                VL53L0X_SetSequenceStepEnable
 .text.sequence_step_enabled
                0x08003d8c       0xa4 ./Core/Src/VL53L0X/core/src/vl53l0x_api.o
                0x08003d8c                sequence_step_enabled
 .text.VL53L0X_GetSequenceStepEnables
                0x08003e30       0xb0 ./Core/Src/VL53L0X/core/src/vl53l0x_api.o
                0x08003e30                VL53L0X_GetSequenceStepEnables
 .text.VL53L0X_GetInterMeasurementPeriodMilliSeconds
                0x08003ee0       0x68 ./Core/Src/VL53L0X/core/src/vl53l0x_api.o
                0x08003ee0                VL53L0X_GetInterMeasurementPeriodMilliSeconds
 .text.VL53L0X_GetXTalkCompensationEnable
                0x08003f48       0x2a ./Core/Src/VL53L0X/core/src/vl53l0x_api.o
                0x08003f48                VL53L0X_GetXTalkCompensationEnable
 .text.VL53L0X_GetXTalkCompensationRateMegaCps
                0x08003f72       0x66 ./Core/Src/VL53L0X/core/src/vl53l0x_api.o
                0x08003f72                VL53L0X_GetXTalkCompensationRateMegaCps
 .text.VL53L0X_SetLimitCheckEnable
                0x08003fd8      0x118 ./Core/Src/VL53L0X/core/src/vl53l0x_api.o
                0x08003fd8                VL53L0X_SetLimitCheckEnable
 .text.VL53L0X_GetLimitCheckEnable
                0x080040f0       0x46 ./Core/Src/VL53L0X/core/src/vl53l0x_api.o
                0x080040f0                VL53L0X_GetLimitCheckEnable
 *fill*         0x08004136        0x2 
 .text.VL53L0X_SetLimitCheckValue
                0x08004138       0xc4 ./Core/Src/VL53L0X/core/src/vl53l0x_api.o
                0x08004138                VL53L0X_SetLimitCheckValue
 .text.VL53L0X_GetLimitCheckValue
                0x080041fc      0x11c ./Core/Src/VL53L0X/core/src/vl53l0x_api.o
                0x080041fc                VL53L0X_GetLimitCheckValue
 .text.VL53L0X_GetWrapAroundCheckEnable
                0x08004318       0x64 ./Core/Src/VL53L0X/core/src/vl53l0x_api.o
                0x08004318                VL53L0X_GetWrapAroundCheckEnable
 .text.VL53L0X_PerformSingleMeasurement
                0x0800437c       0x68 ./Core/Src/VL53L0X/core/src/vl53l0x_api.o
                0x0800437c                VL53L0X_PerformSingleMeasurement
 .text.VL53L0X_PerformRefCalibration
                0x080043e4       0x2c ./Core/Src/VL53L0X/core/src/vl53l0x_api.o
                0x080043e4                VL53L0X_PerformRefCalibration
 .text.VL53L0X_CheckAndLoadInterruptSettings
                0x08004410       0xcc ./Core/Src/VL53L0X/core/src/vl53l0x_api.o
                0x08004410                VL53L0X_CheckAndLoadInterruptSettings
 .text.VL53L0X_StartMeasurement
                0x080044dc      0x184 ./Core/Src/VL53L0X/core/src/vl53l0x_api.o
                0x080044dc                VL53L0X_StartMeasurement
 .text.VL53L0X_GetMeasurementDataReady
                0x08004660       0x80 ./Core/Src/VL53L0X/core/src/vl53l0x_api.o
                0x08004660                VL53L0X_GetMeasurementDataReady
 .text.VL53L0X_GetRangingMeasurementData
                0x080046e0      0x238 ./Core/Src/VL53L0X/core/src/vl53l0x_api.o
                0x080046e0                VL53L0X_GetRangingMeasurementData
 .text.VL53L0X_PerformSingleRangingMeasurement
                0x08004918       0x60 ./Core/Src/VL53L0X/core/src/vl53l0x_api.o
                0x08004918                VL53L0X_PerformSingleRangingMeasurement
 .text.VL53L0X_SetGpioConfig
                0x08004978      0x244 ./Core/Src/VL53L0X/core/src/vl53l0x_api.o
                0x08004978                VL53L0X_SetGpioConfig
 .text.VL53L0X_GetInterruptThresholds
                0x08004bbc       0x68 ./Core/Src/VL53L0X/core/src/vl53l0x_api.o
                0x08004bbc                VL53L0X_GetInterruptThresholds
 .text.VL53L0X_ClearInterruptMask
                0x08004c24       0x80 ./Core/Src/VL53L0X/core/src/vl53l0x_api.o
                0x08004c24                VL53L0X_ClearInterruptMask
 .text.VL53L0X_GetInterruptMaskStatus
                0x08004ca4       0x44 ./Core/Src/VL53L0X/core/src/vl53l0x_api.o
                0x08004ca4                VL53L0X_GetInterruptMaskStatus
 .text.VL53L0X_PerformRefSpadManagement
                0x08004ce8       0x2a ./Core/Src/VL53L0X/core/src/vl53l0x_api.o
                0x08004ce8                VL53L0X_PerformRefSpadManagement
 *fill*         0x08004d12        0x2 
 .text.VL53L0X_set_offset_calibration_data_micro_meter
                0x08004d14       0x90 ./Core/Src/VL53L0X/core/src/vl53l0x_api_calibration.o
                0x08004d14                VL53L0X_set_offset_calibration_data_micro_meter
 .text.VL53L0X_get_offset_calibration_data_micro_meter
                0x08004da4       0x7e ./Core/Src/VL53L0X/core/src/vl53l0x_api_calibration.o
                0x08004da4                VL53L0X_get_offset_calibration_data_micro_meter
 .text.get_next_good_spad
                0x08004e22       0xbc ./Core/Src/VL53L0X/core/src/vl53l0x_api_calibration.o
                0x08004e22                get_next_good_spad
 *fill*         0x08004ede        0x2 
 .text.is_aperture
                0x08004ee0       0x34 ./Core/Src/VL53L0X/core/src/vl53l0x_api_calibration.o
                0x08004ee0                is_aperture
 .text.enable_spad_bit
                0x08004f14       0x70 ./Core/Src/VL53L0X/core/src/vl53l0x_api_calibration.o
                0x08004f14                enable_spad_bit
 .text.set_ref_spad_map
                0x08004f84       0x26 ./Core/Src/VL53L0X/core/src/vl53l0x_api_calibration.o
                0x08004f84                set_ref_spad_map
 .text.get_ref_spad_map
                0x08004faa       0x26 ./Core/Src/VL53L0X/core/src/vl53l0x_api_calibration.o
                0x08004faa                get_ref_spad_map
 .text.enable_ref_spads
                0x08004fd0       0xf8 ./Core/Src/VL53L0X/core/src/vl53l0x_api_calibration.o
                0x08004fd0                enable_ref_spads
 .text.perform_ref_signal_measurement
                0x080050c8       0xd4 ./Core/Src/VL53L0X/core/src/vl53l0x_api_calibration.o
                0x080050c8                perform_ref_signal_measurement
 .text.VL53L0X_perform_ref_spad_management
                0x0800519c      0x418 ./Core/Src/VL53L0X/core/src/vl53l0x_api_calibration.o
                0x0800519c                VL53L0X_perform_ref_spad_management
 .text.VL53L0X_set_reference_spads
                0x080055b4      0x14a ./Core/Src/VL53L0X/core/src/vl53l0x_api_calibration.o
                0x080055b4                VL53L0X_set_reference_spads
 .text.VL53L0X_perform_single_ref_calibration
                0x080056fe       0x76 ./Core/Src/VL53L0X/core/src/vl53l0x_api_calibration.o
                0x080056fe                VL53L0X_perform_single_ref_calibration
 .text.VL53L0X_ref_calibration_io
                0x08005774      0x132 ./Core/Src/VL53L0X/core/src/vl53l0x_api_calibration.o
                0x08005774                VL53L0X_ref_calibration_io
 .text.VL53L0X_perform_vhv_calibration
                0x080058a6       0xce ./Core/Src/VL53L0X/core/src/vl53l0x_api_calibration.o
                0x080058a6                VL53L0X_perform_vhv_calibration
 .text.VL53L0X_perform_phase_calibration
                0x08005974       0xca ./Core/Src/VL53L0X/core/src/vl53l0x_api_calibration.o
                0x08005974                VL53L0X_perform_phase_calibration
 .text.VL53L0X_perform_ref_calibration
                0x08005a3e       0x7a ./Core/Src/VL53L0X/core/src/vl53l0x_api_calibration.o
                0x08005a3e                VL53L0X_perform_ref_calibration
 .text.VL53L0X_measurement_poll_for_completion
                0x08005ab8       0x60 ./Core/Src/VL53L0X/core/src/vl53l0x_api_core.o
                0x08005ab8                VL53L0X_measurement_poll_for_completion
 .text.VL53L0X_decode_vcsel_period
                0x08005b18       0x26 ./Core/Src/VL53L0X/core/src/vl53l0x_api_core.o
                0x08005b18                VL53L0X_decode_vcsel_period
 .text.VL53L0X_isqrt
                0x08005b3e       0x68 ./Core/Src/VL53L0X/core/src/vl53l0x_api_core.o
                0x08005b3e                VL53L0X_isqrt
 .text.VL53L0X_device_read_strobe
                0x08005ba6       0x86 ./Core/Src/VL53L0X/core/src/vl53l0x_api_core.o
                0x08005ba6                VL53L0X_device_read_strobe
 .text.VL53L0X_get_info_from_device
                0x08005c2c      0x99a ./Core/Src/VL53L0X/core/src/vl53l0x_api_core.o
                0x08005c2c                VL53L0X_get_info_from_device
 .text.VL53L0X_calc_macro_period_ps
                0x080065c6       0x3c ./Core/Src/VL53L0X/core/src/vl53l0x_api_core.o
                0x080065c6                VL53L0X_calc_macro_period_ps
 .text.VL53L0X_encode_timeout
                0x08006602       0x54 ./Core/Src/VL53L0X/core/src/vl53l0x_api_core.o
                0x08006602                VL53L0X_encode_timeout
 .text.VL53L0X_decode_timeout
                0x08006656       0x2c ./Core/Src/VL53L0X/core/src/vl53l0x_api_core.o
                0x08006656                VL53L0X_decode_timeout
 *fill*         0x08006682        0x2 
 .text.VL53L0X_calc_timeout_mclks
                0x08006684       0x54 ./Core/Src/VL53L0X/core/src/vl53l0x_api_core.o
                0x08006684                VL53L0X_calc_timeout_mclks
 .text.VL53L0X_calc_timeout_us
                0x080066d8       0x54 ./Core/Src/VL53L0X/core/src/vl53l0x_api_core.o
                0x080066d8                VL53L0X_calc_timeout_us
 .text.get_sequence_step_timeout
                0x0800672c      0x1c0 ./Core/Src/VL53L0X/core/src/vl53l0x_api_core.o
                0x0800672c                get_sequence_step_timeout
 .text.set_sequence_step_timeout
                0x080068ec      0x1e4 ./Core/Src/VL53L0X/core/src/vl53l0x_api_core.o
                0x080068ec                set_sequence_step_timeout
 .text.VL53L0X_get_vcsel_pulse_period
                0x08006ad0       0x6e ./Core/Src/VL53L0X/core/src/vl53l0x_api_core.o
                0x08006ad0                VL53L0X_get_vcsel_pulse_period
 .text.VL53L0X_set_measurement_timing_budget_micro_seconds
                0x08006b3e      0x1c0 ./Core/Src/VL53L0X/core/src/vl53l0x_api_core.o
                0x08006b3e                VL53L0X_set_measurement_timing_budget_micro_seconds
 .text.VL53L0X_get_measurement_timing_budget_micro_seconds
                0x08006cfe      0x162 ./Core/Src/VL53L0X/core/src/vl53l0x_api_core.o
                0x08006cfe                VL53L0X_get_measurement_timing_budget_micro_seconds
 .text.VL53L0X_load_tuning_settings
                0x08006e60      0x1c4 ./Core/Src/VL53L0X/core/src/vl53l0x_api_core.o
                0x08006e60                VL53L0X_load_tuning_settings
 .text.VL53L0X_get_total_xtalk_rate
                0x08007024       0x5e ./Core/Src/VL53L0X/core/src/vl53l0x_api_core.o
                0x08007024                VL53L0X_get_total_xtalk_rate
 .text.VL53L0X_get_total_signal_rate
                0x08007082       0x4a ./Core/Src/VL53L0X/core/src/vl53l0x_api_core.o
                0x08007082                VL53L0X_get_total_signal_rate
 .text.VL53L0X_calc_dmax
                0x080070cc      0x238 ./Core/Src/VL53L0X/core/src/vl53l0x_api_core.o
                0x080070cc                VL53L0X_calc_dmax
 .text.VL53L0X_calc_sigma_estimate
                0x08007304      0x498 ./Core/Src/VL53L0X/core/src/vl53l0x_api_core.o
                0x08007304                VL53L0X_calc_sigma_estimate
 .text.VL53L0X_get_pal_range_status
                0x0800779c      0x3b6 ./Core/Src/VL53L0X/core/src/vl53l0x_api_core.o
                0x0800779c                VL53L0X_get_pal_range_status
 .text.VL53L0X_WriteMulti
                0x08007b52       0x50 ./Core/Src/VL53L0X/platform/src/vl53l0x_platform.o
                0x08007b52                VL53L0X_WriteMulti
 .text.VL53L0X_ReadMulti
                0x08007ba2       0x50 ./Core/Src/VL53L0X/platform/src/vl53l0x_platform.o
                0x08007ba2                VL53L0X_ReadMulti
 .text.VL53L0X_WrByte
                0x08007bf2       0x26 ./Core/Src/VL53L0X/platform/src/vl53l0x_platform.o
                0x08007bf2                VL53L0X_WrByte
 .text.VL53L0X_WrWord
                0x08007c18       0x38 ./Core/Src/VL53L0X/platform/src/vl53l0x_platform.o
                0x08007c18                VL53L0X_WrWord
 .text.VL53L0X_UpdateByte
                0x08007c50       0x64 ./Core/Src/VL53L0X/platform/src/vl53l0x_platform.o
                0x08007c50                VL53L0X_UpdateByte
 .text.VL53L0X_RdByte
                0x08007cb4       0x24 ./Core/Src/VL53L0X/platform/src/vl53l0x_platform.o
                0x08007cb4                VL53L0X_RdByte
 .text.VL53L0X_RdWord
                0x08007cd8       0x4e ./Core/Src/VL53L0X/platform/src/vl53l0x_platform.o
                0x08007cd8                VL53L0X_RdWord
 .text.VL53L0X_RdDWord
                0x08007d26       0x50 ./Core/Src/VL53L0X/platform/src/vl53l0x_platform.o
                0x08007d26                VL53L0X_RdDWord
 .text.VL53L0X_PollingDelay
                0x08007d76       0x18 ./Core/Src/VL53L0X/platform/src/vl53l0x_platform.o
                0x08007d76                VL53L0X_PollingDelay
 *fill*         0x08007d8e        0x2 
 .text.Reset_Handler
                0x08007d90       0x50 ./Core/Startup/startup_stm32g431cbux.o
                0x08007d90                Reset_Handler
 .text.Default_Handler
                0x08007de0        0x2 ./Core/Startup/startup_stm32g431cbux.o
                0x08007de0                RTC_Alarm_IRQHandler
                0x08007de0                EXTI2_IRQHandler
                0x08007de0                TIM8_TRG_COM_IRQHandler
                0x08007de0                TIM8_CC_IRQHandler
                0x08007de0                TIM1_CC_IRQHandler
                0x08007de0                USB_HP_IRQHandler
                0x08007de0                CORDIC_IRQHandler
                0x08007de0                EXTI3_IRQHandler
                0x08007de0                I2C3_ER_IRQHandler
                0x08007de0                I2C2_EV_IRQHandler
                0x08007de0                FPU_IRQHandler
                0x08007de0                FDCAN1_IT1_IRQHandler
                0x08007de0                TIM1_UP_TIM16_IRQHandler
                0x08007de0                SPI1_IRQHandler
                0x08007de0                TIM6_DAC_IRQHandler
                0x08007de0                TIM8_UP_IRQHandler
                0x08007de0                DMA2_Channel2_IRQHandler
                0x08007de0                DMA1_Channel4_IRQHandler
                0x08007de0                DMA2_Channel1_IRQHandler
                0x08007de0                DMA1_Channel6_IRQHandler
                0x08007de0                UART4_IRQHandler
                0x08007de0                DMA2_Channel4_IRQHandler
                0x08007de0                RCC_IRQHandler
                0x08007de0                Default_Handler
                0x08007de0                RTC_TAMP_LSECSS_IRQHandler
                0x08007de0                FMAC_IRQHandler
                0x08007de0                EXTI15_10_IRQHandler
                0x08007de0                TIM7_IRQHandler
                0x08007de0                UCPD1_IRQHandler
                0x08007de0                I2C3_EV_IRQHandler
                0x08007de0                RTC_WKUP_IRQHandler
                0x08007de0                PVD_PVM_IRQHandler
                0x08007de0                SPI2_IRQHandler
                0x08007de0                DMA2_Channel5_IRQHandler
                0x08007de0                CRS_IRQHandler
                0x08007de0                DMA1_Channel5_IRQHandler
                0x08007de0                USB_LP_IRQHandler
                0x08007de0                EXTI4_IRQHandler
                0x08007de0                RNG_IRQHandler
                0x08007de0                DMA1_Channel3_IRQHandler
                0x08007de0                WWDG_IRQHandler
                0x08007de0                LPUART1_IRQHandler
                0x08007de0                DMA2_Channel6_IRQHandler
                0x08007de0                FDCAN1_IT0_IRQHandler
                0x08007de0                COMP1_2_3_IRQHandler
                0x08007de0                EXTI1_IRQHandler
                0x08007de0                I2C2_ER_IRQHandler
                0x08007de0                TIM8_BRK_IRQHandler
                0x08007de0                FLASH_IRQHandler
                0x08007de0                USART1_IRQHandler
                0x08007de0                SPI3_IRQHandler
                0x08007de0                LPTIM1_IRQHandler
                0x08007de0                DMAMUX_OVR_IRQHandler
                0x08007de0                USBWakeUp_IRQHandler
                0x08007de0                SAI1_IRQHandler
                0x08007de0                DMA2_Channel3_IRQHandler
                0x08007de0                COMP4_IRQHandler
                0x08007de0                TIM1_BRK_TIM15_IRQHandler
 .text.HAL_Init
                0x08007de2       0x30 ./Drivers/STM32G4xx_HAL_Driver/Src/stm32g4xx_hal.o
                0x08007de2                HAL_Init
 *fill*         0x08007e12        0x2 
 .text.HAL_IncTick
                0x08007e14       0x24 ./Drivers/STM32G4xx_HAL_Driver/Src/stm32g4xx_hal.o
                0x08007e14                HAL_IncTick
 .text.HAL_GetTick
                0x08007e38       0x18 ./Drivers/STM32G4xx_HAL_Driver/Src/stm32g4xx_hal.o
                0x08007e38                HAL_GetTick
 .text.HAL_Delay
                0x08007e50       0x44 ./Drivers/STM32G4xx_HAL_Driver/Src/stm32g4xx_hal.o
                0x08007e50                HAL_Delay
 .text.LL_ADC_SetCommonClock
                0x08007e94       0x26 ./Drivers/STM32G4xx_HAL_Driver/Src/stm32g4xx_hal_adc.o
 .text.LL_ADC_SetCommonPathInternalCh
                0x08007eba       0x26 ./Drivers/STM32G4xx_HAL_Driver/Src/stm32g4xx_hal_adc.o
 .text.LL_ADC_GetCommonPathInternalCh
                0x08007ee0       0x1c ./Drivers/STM32G4xx_HAL_Driver/Src/stm32g4xx_hal_adc.o
 .text.LL_ADC_SetOffset
                0x08007efc       0x48 ./Drivers/STM32G4xx_HAL_Driver/Src/stm32g4xx_hal_adc.o
 .text.LL_ADC_GetOffsetChannel
                0x08007f44       0x2c ./Drivers/STM32G4xx_HAL_Driver/Src/stm32g4xx_hal_adc.o
 .text.LL_ADC_SetOffsetState
                0x08007f70       0x36 ./Drivers/STM32G4xx_HAL_Driver/Src/stm32g4xx_hal_adc.o
 .text.LL_ADC_SetOffsetSign
                0x08007fa6       0x36 ./Drivers/STM32G4xx_HAL_Driver/Src/stm32g4xx_hal_adc.o
 .text.LL_ADC_SetOffsetSaturation
                0x08007fdc       0x36 ./Drivers/STM32G4xx_HAL_Driver/Src/stm32g4xx_hal_adc.o
 .text.LL_ADC_SetSamplingTimeCommonConfig
                0x08008012       0x26 ./Drivers/STM32G4xx_HAL_Driver/Src/stm32g4xx_hal_adc.o
 .text.LL_ADC_REG_IsTriggerSourceSWStart
                0x08008038       0x26 ./Drivers/STM32G4xx_HAL_Driver/Src/stm32g4xx_hal_adc.o
 .text.LL_ADC_REG_SetSequencerRanks
                0x0800805e       0x58 ./Drivers/STM32G4xx_HAL_Driver/Src/stm32g4xx_hal_adc.o
 .text.LL_ADC_INJ_IsTriggerSourceSWStart
                0x080080b6       0x26 ./Drivers/STM32G4xx_HAL_Driver/Src/stm32g4xx_hal_adc.o
 .text.LL_ADC_SetChannelSamplingTime
                0x080080dc       0x56 ./Drivers/STM32G4xx_HAL_Driver/Src/stm32g4xx_hal_adc.o
 *fill*         0x08008132        0x2 
 .text.LL_ADC_SetChannelSingleDiff
                0x08008134       0x48 ./Drivers/STM32G4xx_HAL_Driver/Src/stm32g4xx_hal_adc.o
 .text.LL_ADC_GetMultimode
                0x0800817c       0x1c ./Drivers/STM32G4xx_HAL_Driver/Src/stm32g4xx_hal_adc.o
 .text.LL_ADC_GetMultiDMATransfer
                0x08008198       0x1c ./Drivers/STM32G4xx_HAL_Driver/Src/stm32g4xx_hal_adc.o
 .text.LL_ADC_DisableDeepPowerDown
                0x080081b4       0x24 ./Drivers/STM32G4xx_HAL_Driver/Src/stm32g4xx_hal_adc.o
 .text.LL_ADC_IsDeepPowerDownEnabled
                0x080081d8       0x28 ./Drivers/STM32G4xx_HAL_Driver/Src/stm32g4xx_hal_adc.o
 .text.LL_ADC_EnableInternalRegulator
                0x08008200       0x28 ./Drivers/STM32G4xx_HAL_Driver/Src/stm32g4xx_hal_adc.o
 .text.LL_ADC_IsInternalRegulatorEnabled
                0x08008228       0x28 ./Drivers/STM32G4xx_HAL_Driver/Src/stm32g4xx_hal_adc.o
 .text.LL_ADC_Enable
                0x08008250       0x28 ./Drivers/STM32G4xx_HAL_Driver/Src/stm32g4xx_hal_adc.o
 .text.LL_ADC_Disable
                0x08008278       0x28 ./Drivers/STM32G4xx_HAL_Driver/Src/stm32g4xx_hal_adc.o
 .text.LL_ADC_IsEnabled
                0x080082a0       0x26 ./Drivers/STM32G4xx_HAL_Driver/Src/stm32g4xx_hal_adc.o
 .text.LL_ADC_IsDisableOngoing
                0x080082c6       0x26 ./Drivers/STM32G4xx_HAL_Driver/Src/stm32g4xx_hal_adc.o
 .text.LL_ADC_REG_StartConversion
                0x080082ec       0x28 ./Drivers/STM32G4xx_HAL_Driver/Src/stm32g4xx_hal_adc.o
 .text.LL_ADC_REG_StopConversion
                0x08008314       0x28 ./Drivers/STM32G4xx_HAL_Driver/Src/stm32g4xx_hal_adc.o
 .text.LL_ADC_REG_IsConversionOngoing
                0x0800833c       0x26 ./Drivers/STM32G4xx_HAL_Driver/Src/stm32g4xx_hal_adc.o
 .text.LL_ADC_INJ_StopConversion
                0x08008362       0x28 ./Drivers/STM32G4xx_HAL_Driver/Src/stm32g4xx_hal_adc.o
 .text.LL_ADC_INJ_IsConversionOngoing
                0x0800838a       0x26 ./Drivers/STM32G4xx_HAL_Driver/Src/stm32g4xx_hal_adc.o
 .text.HAL_ADC_Init
                0x080083b0      0x308 ./Drivers/STM32G4xx_HAL_Driver/Src/stm32g4xx_hal_adc.o
                0x080083b0                HAL_ADC_Init
 .text.HAL_ADC_Start
                0x080086b8      0x178 ./Drivers/STM32G4xx_HAL_Driver/Src/stm32g4xx_hal_adc.o
                0x080086b8                HAL_ADC_Start
 .text.HAL_ADC_Stop
                0x08008830       0x66 ./Drivers/STM32G4xx_HAL_Driver/Src/stm32g4xx_hal_adc.o
                0x08008830                HAL_ADC_Stop
 *fill*         0x08008896        0x2 
 .text.HAL_ADC_PollForConversion
                0x08008898      0x1b0 ./Drivers/STM32G4xx_HAL_Driver/Src/stm32g4xx_hal_adc.o
                0x08008898                HAL_ADC_PollForConversion
 .text.HAL_ADC_GetValue
                0x08008a48       0x1a ./Drivers/STM32G4xx_HAL_Driver/Src/stm32g4xx_hal_adc.o
                0x08008a48                HAL_ADC_GetValue
 *fill*         0x08008a62        0x2 
 .text.HAL_ADC_IRQHandler
                0x08008a64      0x434 ./Drivers/STM32G4xx_HAL_Driver/Src/stm32g4xx_hal_adc.o
                0x08008a64                HAL_ADC_IRQHandler
 .text.HAL_ADC_ConvCpltCallback
                0x08008e98       0x14 ./Drivers/STM32G4xx_HAL_Driver/Src/stm32g4xx_hal_adc.o
                0x08008e98                HAL_ADC_ConvCpltCallback
 .text.HAL_ADC_LevelOutOfWindowCallback
                0x08008eac       0x14 ./Drivers/STM32G4xx_HAL_Driver/Src/stm32g4xx_hal_adc.o
                0x08008eac                HAL_ADC_LevelOutOfWindowCallback
 .text.HAL_ADC_ErrorCallback
                0x08008ec0       0x14 ./Drivers/STM32G4xx_HAL_Driver/Src/stm32g4xx_hal_adc.o
                0x08008ec0                HAL_ADC_ErrorCallback
 .text.HAL_ADC_ConfigChannel
                0x08008ed4      0x7e0 ./Drivers/STM32G4xx_HAL_Driver/Src/stm32g4xx_hal_adc.o
                0x08008ed4                HAL_ADC_ConfigChannel
 .text.ADC_ConversionStop
                0x080096b4      0x178 ./Drivers/STM32G4xx_HAL_Driver/Src/stm32g4xx_hal_adc.o
                0x080096b4                ADC_ConversionStop
 .text.ADC_Enable
                0x0800982c      0x10c ./Drivers/STM32G4xx_HAL_Driver/Src/stm32g4xx_hal_adc.o
                0x0800982c                ADC_Enable
 .text.ADC_Disable
                0x08009938       0xbe ./Drivers/STM32G4xx_HAL_Driver/Src/stm32g4xx_hal_adc.o
                0x08009938                ADC_Disable
 .text.LL_ADC_IsEnabled
                0x080099f6       0x26 ./Drivers/STM32G4xx_HAL_Driver/Src/stm32g4xx_hal_adc_ex.o
 .text.LL_ADC_StartCalibration
                0x08009a1c       0x32 ./Drivers/STM32G4xx_HAL_Driver/Src/stm32g4xx_hal_adc_ex.o
 .text.LL_ADC_IsCalibrationOnGoing
                0x08009a4e       0x28 ./Drivers/STM32G4xx_HAL_Driver/Src/stm32g4xx_hal_adc_ex.o
 .text.LL_ADC_REG_IsConversionOngoing
                0x08009a76       0x26 ./Drivers/STM32G4xx_HAL_Driver/Src/stm32g4xx_hal_adc_ex.o
 .text.HAL_ADCEx_Calibration_Start
                0x08009a9c       0xc4 ./Drivers/STM32G4xx_HAL_Driver/Src/stm32g4xx_hal_adc_ex.o
                0x08009a9c                HAL_ADCEx_Calibration_Start
 .text.HAL_ADCEx_InjectedConvCpltCallback
                0x08009b60       0x14 ./Drivers/STM32G4xx_HAL_Driver/Src/stm32g4xx_hal_adc_ex.o
                0x08009b60                HAL_ADCEx_InjectedConvCpltCallback
 .text.HAL_ADCEx_InjectedQueueOverflowCallback
                0x08009b74       0x14 ./Drivers/STM32G4xx_HAL_Driver/Src/stm32g4xx_hal_adc_ex.o
                0x08009b74                HAL_ADCEx_InjectedQueueOverflowCallback
 .text.HAL_ADCEx_LevelOutOfWindow2Callback
                0x08009b88       0x14 ./Drivers/STM32G4xx_HAL_Driver/Src/stm32g4xx_hal_adc_ex.o
                0x08009b88                HAL_ADCEx_LevelOutOfWindow2Callback
 .text.HAL_ADCEx_LevelOutOfWindow3Callback
                0x08009b9c       0x14 ./Drivers/STM32G4xx_HAL_Driver/Src/stm32g4xx_hal_adc_ex.o
                0x08009b9c                HAL_ADCEx_LevelOutOfWindow3Callback
 .text.HAL_ADCEx_EndOfSamplingCallback
                0x08009bb0       0x14 ./Drivers/STM32G4xx_HAL_Driver/Src/stm32g4xx_hal_adc_ex.o
                0x08009bb0                HAL_ADCEx_EndOfSamplingCallback
 .text.HAL_ADCEx_MultiModeConfigChannel
                0x08009bc4      0x148 ./Drivers/STM32G4xx_HAL_Driver/Src/stm32g4xx_hal_adc_ex.o
                0x08009bc4                HAL_ADCEx_MultiModeConfigChannel
 .text.__NVIC_SetPriorityGrouping
                0x08009d0c       0x48 ./Drivers/STM32G4xx_HAL_Driver/Src/stm32g4xx_hal_cortex.o
 .text.__NVIC_GetPriorityGrouping
                0x08009d54       0x1c ./Drivers/STM32G4xx_HAL_Driver/Src/stm32g4xx_hal_cortex.o
 .text.__NVIC_EnableIRQ
                0x08009d70       0x3c ./Drivers/STM32G4xx_HAL_Driver/Src/stm32g4xx_hal_cortex.o
 .text.__NVIC_SetPriority
                0x08009dac       0x54 ./Drivers/STM32G4xx_HAL_Driver/Src/stm32g4xx_hal_cortex.o
 .text.NVIC_EncodePriority
                0x08009e00       0x66 ./Drivers/STM32G4xx_HAL_Driver/Src/stm32g4xx_hal_cortex.o
 .text.HAL_NVIC_SetPriorityGrouping
                0x08009e66       0x16 ./Drivers/STM32G4xx_HAL_Driver/Src/stm32g4xx_hal_cortex.o
                0x08009e66                HAL_NVIC_SetPriorityGrouping
 .text.HAL_NVIC_SetPriority
                0x08009e7c       0x34 ./Drivers/STM32G4xx_HAL_Driver/Src/stm32g4xx_hal_cortex.o
                0x08009e7c                HAL_NVIC_SetPriority
 .text.HAL_NVIC_EnableIRQ
                0x08009eb0       0x1c ./Drivers/STM32G4xx_HAL_Driver/Src/stm32g4xx_hal_cortex.o
                0x08009eb0                HAL_NVIC_EnableIRQ
 .text.HAL_DMA_Init
                0x08009ecc      0x150 ./Drivers/STM32G4xx_HAL_Driver/Src/stm32g4xx_hal_dma.o
                0x08009ecc                HAL_DMA_Init
 .text.HAL_DMA_Start_IT
                0x0800a01c       0xf6 ./Drivers/STM32G4xx_HAL_Driver/Src/stm32g4xx_hal_dma.o
                0x0800a01c                HAL_DMA_Start_IT
 .text.HAL_DMA_Abort
                0x0800a112       0xbc ./Drivers/STM32G4xx_HAL_Driver/Src/stm32g4xx_hal_dma.o
                0x0800a112                HAL_DMA_Abort
 .text.HAL_DMA_Abort_IT
                0x0800a1ce       0xce ./Drivers/STM32G4xx_HAL_Driver/Src/stm32g4xx_hal_dma.o
                0x0800a1ce                HAL_DMA_Abort_IT
 .text.HAL_DMA_IRQHandler
                0x0800a29c      0x15e ./Drivers/STM32G4xx_HAL_Driver/Src/stm32g4xx_hal_dma.o
                0x0800a29c                HAL_DMA_IRQHandler
 .text.HAL_DMA_GetState
                0x0800a3fa       0x1c ./Drivers/STM32G4xx_HAL_Driver/Src/stm32g4xx_hal_dma.o
                0x0800a3fa                HAL_DMA_GetState
 .text.DMA_SetConfig
                0x0800a416       0x7c ./Drivers/STM32G4xx_HAL_Driver/Src/stm32g4xx_hal_dma.o
 *fill*         0x0800a492        0x2 
 .text.DMA_CalcDMAMUXChannelBaseAndMask
                0x0800a494       0x90 ./Drivers/STM32G4xx_HAL_Driver/Src/stm32g4xx_hal_dma.o
 .text.DMA_CalcDMAMUXRequestGenBaseAndMask
                0x0800a524       0x4c ./Drivers/STM32G4xx_HAL_Driver/Src/stm32g4xx_hal_dma.o
 .text.HAL_GPIO_Init
                0x0800a570      0x318 ./Drivers/STM32G4xx_HAL_Driver/Src/stm32g4xx_hal_gpio.o
                0x0800a570                HAL_GPIO_Init
 .text.HAL_GPIO_WritePin
                0x0800a888       0x30 ./Drivers/STM32G4xx_HAL_Driver/Src/stm32g4xx_hal_gpio.o
                0x0800a888                HAL_GPIO_WritePin
 .text.HAL_GPIO_TogglePin
                0x0800a8b8       0x34 ./Drivers/STM32G4xx_HAL_Driver/Src/stm32g4xx_hal_gpio.o
                0x0800a8b8                HAL_GPIO_TogglePin
 .text.HAL_GPIO_EXTI_IRQHandler
                0x0800a8ec       0x30 ./Drivers/STM32G4xx_HAL_Driver/Src/stm32g4xx_hal_gpio.o
                0x0800a8ec                HAL_GPIO_EXTI_IRQHandler
 .text.HAL_I2C_Init
                0x0800a91c      0x136 ./Drivers/STM32G4xx_HAL_Driver/Src/stm32g4xx_hal_i2c.o
                0x0800a91c                HAL_I2C_Init
 *fill*         0x0800aa52        0x2 
 .text.HAL_I2C_Mem_Write
                0x0800aa54      0x228 ./Drivers/STM32G4xx_HAL_Driver/Src/stm32g4xx_hal_i2c.o
                0x0800aa54                HAL_I2C_Mem_Write
 .text.HAL_I2C_Mem_Read
                0x0800ac7c      0x234 ./Drivers/STM32G4xx_HAL_Driver/Src/stm32g4xx_hal_i2c.o
                0x0800ac7c                HAL_I2C_Mem_Read
 .text.HAL_I2C_EV_IRQHandler
                0x0800aeb0       0x34 ./Drivers/STM32G4xx_HAL_Driver/Src/stm32g4xx_hal_i2c.o
                0x0800aeb0                HAL_I2C_EV_IRQHandler
 .text.HAL_I2C_ER_IRQHandler
                0x0800aee4       0xc2 ./Drivers/STM32G4xx_HAL_Driver/Src/stm32g4xx_hal_i2c.o
                0x0800aee4                HAL_I2C_ER_IRQHandler
 .text.HAL_I2C_SlaveTxCpltCallback
                0x0800afa6       0x14 ./Drivers/STM32G4xx_HAL_Driver/Src/stm32g4xx_hal_i2c.o
                0x0800afa6                HAL_I2C_SlaveTxCpltCallback
 .text.HAL_I2C_SlaveRxCpltCallback
                0x0800afba       0x14 ./Drivers/STM32G4xx_HAL_Driver/Src/stm32g4xx_hal_i2c.o
                0x0800afba                HAL_I2C_SlaveRxCpltCallback
 .text.HAL_I2C_AddrCallback
                0x0800afce       0x1c ./Drivers/STM32G4xx_HAL_Driver/Src/stm32g4xx_hal_i2c.o
                0x0800afce                HAL_I2C_AddrCallback
 .text.HAL_I2C_ListenCpltCallback
                0x0800afea       0x14 ./Drivers/STM32G4xx_HAL_Driver/Src/stm32g4xx_hal_i2c.o
                0x0800afea                HAL_I2C_ListenCpltCallback
 .text.HAL_I2C_ErrorCallback
                0x0800affe       0x14 ./Drivers/STM32G4xx_HAL_Driver/Src/stm32g4xx_hal_i2c.o
                0x0800affe                HAL_I2C_ErrorCallback
 .text.HAL_I2C_AbortCpltCallback
                0x0800b012       0x14 ./Drivers/STM32G4xx_HAL_Driver/Src/stm32g4xx_hal_i2c.o
                0x0800b012                HAL_I2C_AbortCpltCallback
 .text.I2C_Slave_ISR_IT
                0x0800b026      0x208 ./Drivers/STM32G4xx_HAL_Driver/Src/stm32g4xx_hal_i2c.o
 *fill*         0x0800b22e        0x2 
 .text.I2C_RequestMemoryWrite
                0x0800b230       0xa8 ./Drivers/STM32G4xx_HAL_Driver/Src/stm32g4xx_hal_i2c.o
 .text.I2C_RequestMemoryRead
                0x0800b2d8       0xa8 ./Drivers/STM32G4xx_HAL_Driver/Src/stm32g4xx_hal_i2c.o
 .text.I2C_ITAddrCplt
                0x0800b380      0x108 ./Drivers/STM32G4xx_HAL_Driver/Src/stm32g4xx_hal_i2c.o
 .text.I2C_ITSlaveSeqCplt
                0x0800b488       0xbc ./Drivers/STM32G4xx_HAL_Driver/Src/stm32g4xx_hal_i2c.o
 .text.I2C_ITSlaveCplt
                0x0800b544      0x2d4 ./Drivers/STM32G4xx_HAL_Driver/Src/stm32g4xx_hal_i2c.o
 .text.I2C_ITListenCplt
                0x0800b818       0xac ./Drivers/STM32G4xx_HAL_Driver/Src/stm32g4xx_hal_i2c.o
 .text.I2C_ITError
                0x0800b8c4      0x1e0 ./Drivers/STM32G4xx_HAL_Driver/Src/stm32g4xx_hal_i2c.o
 .text.I2C_TreatErrorCallback
                0x0800baa4       0x4e ./Drivers/STM32G4xx_HAL_Driver/Src/stm32g4xx_hal_i2c.o
 .text.I2C_Flush_TXDR
                0x0800baf2       0x48 ./Drivers/STM32G4xx_HAL_Driver/Src/stm32g4xx_hal_i2c.o
 .text.I2C_DMAAbort
                0x0800bb3a       0x3c ./Drivers/STM32G4xx_HAL_Driver/Src/stm32g4xx_hal_i2c.o
 .text.I2C_WaitOnFlagUntilTimeout
                0x0800bb76       0xb2 ./Drivers/STM32G4xx_HAL_Driver/Src/stm32g4xx_hal_i2c.o
 .text.I2C_WaitOnTXISFlagUntilTimeout
                0x0800bc28       0x8e ./Drivers/STM32G4xx_HAL_Driver/Src/stm32g4xx_hal_i2c.o
 .text.I2C_WaitOnSTOPFlagUntilTimeout
                0x0800bcb6       0x86 ./Drivers/STM32G4xx_HAL_Driver/Src/stm32g4xx_hal_i2c.o
 .text.I2C_IsErrorOccurred
                0x0800bd3c      0x1c0 ./Drivers/STM32G4xx_HAL_Driver/Src/stm32g4xx_hal_i2c.o
 .text.I2C_TransferConfig
                0x0800befc       0x64 ./Drivers/STM32G4xx_HAL_Driver/Src/stm32g4xx_hal_i2c.o
 .text.I2C_Disable_IRQ
                0x0800bf60       0xbc ./Drivers/STM32G4xx_HAL_Driver/Src/stm32g4xx_hal_i2c.o
 .text.HAL_I2CEx_ConfigAnalogFilter
                0x0800c01c       0x96 ./Drivers/STM32G4xx_HAL_Driver/Src/stm32g4xx_hal_i2c_ex.o
                0x0800c01c                HAL_I2CEx_ConfigAnalogFilter
 .text.HAL_I2CEx_ConfigDigitalFilter
                0x0800c0b2       0x98 ./Drivers/STM32G4xx_HAL_Driver/Src/stm32g4xx_hal_i2c_ex.o
                0x0800c0b2                HAL_I2CEx_ConfigDigitalFilter
 *fill*         0x0800c14a        0x2 
 .text.HAL_PWREx_ControlVoltageScaling
                0x0800c14c      0x148 ./Drivers/STM32G4xx_HAL_Driver/Src/stm32g4xx_hal_pwr_ex.o
                0x0800c14c                HAL_PWREx_ControlVoltageScaling
 .text.HAL_PWREx_DisableUCPDDeadBattery
                0x0800c294       0x20 ./Drivers/STM32G4xx_HAL_Driver/Src/stm32g4xx_hal_pwr_ex.o
                0x0800c294                HAL_PWREx_DisableUCPDDeadBattery
 .text.HAL_RCC_OscConfig
                0x0800c2b4      0x624 ./Drivers/STM32G4xx_HAL_Driver/Src/stm32g4xx_hal_rcc.o
                0x0800c2b4                HAL_RCC_OscConfig
 .text.HAL_RCC_ClockConfig
                0x0800c8d8      0x278 ./Drivers/STM32G4xx_HAL_Driver/Src/stm32g4xx_hal_rcc.o
                0x0800c8d8                HAL_RCC_ClockConfig
 .text.HAL_RCC_GetSysClockFreq
                0x0800cb50       0xc4 ./Drivers/STM32G4xx_HAL_Driver/Src/stm32g4xx_hal_rcc.o
                0x0800cb50                HAL_RCC_GetSysClockFreq
 .text.HAL_RCC_GetHCLKFreq
                0x0800cc14       0x18 ./Drivers/STM32G4xx_HAL_Driver/Src/stm32g4xx_hal_rcc.o
                0x0800cc14                HAL_RCC_GetHCLKFreq
 .text.HAL_RCC_GetPCLK1Freq
                0x0800cc2c       0x2c ./Drivers/STM32G4xx_HAL_Driver/Src/stm32g4xx_hal_rcc.o
                0x0800cc2c                HAL_RCC_GetPCLK1Freq
 .text.HAL_RCC_GetPCLK2Freq
                0x0800cc58       0x2c ./Drivers/STM32G4xx_HAL_Driver/Src/stm32g4xx_hal_rcc.o
                0x0800cc58                HAL_RCC_GetPCLK2Freq
 .text.HAL_RCC_GetClockConfig
                0x0800cc84       0x64 ./Drivers/STM32G4xx_HAL_Driver/Src/stm32g4xx_hal_rcc.o
                0x0800cc84                HAL_RCC_GetClockConfig
 .text.RCC_GetSysClockFreqFromPLLSource
                0x0800cce8       0x8c ./Drivers/STM32G4xx_HAL_Driver/Src/stm32g4xx_hal_rcc.o
 .text.HAL_RCCEx_PeriphCLKConfig
                0x0800cd74      0x3e0 ./Drivers/STM32G4xx_HAL_Driver/Src/stm32g4xx_hal_rcc_ex.o
                0x0800cd74                HAL_RCCEx_PeriphCLKConfig
 .text.HAL_TIM_Base_Init
                0x0800d154       0xae ./Drivers/STM32G4xx_HAL_Driver/Src/stm32g4xx_hal_tim.o
                0x0800d154                HAL_TIM_Base_Init
 *fill*         0x0800d202        0x2 
 .text.HAL_TIM_Base_Start_IT
                0x0800d204       0xd4 ./Drivers/STM32G4xx_HAL_Driver/Src/stm32g4xx_hal_tim.o
                0x0800d204                HAL_TIM_Base_Start_IT
 .text.HAL_TIM_PWM_Init
                0x0800d2d8       0xae ./Drivers/STM32G4xx_HAL_Driver/Src/stm32g4xx_hal_tim.o
                0x0800d2d8                HAL_TIM_PWM_Init
 .text.HAL_TIM_PWM_MspInit
                0x0800d386       0x14 ./Drivers/STM32G4xx_HAL_Driver/Src/stm32g4xx_hal_tim.o
                0x0800d386                HAL_TIM_PWM_MspInit
 *fill*         0x0800d39a        0x2 
 .text.HAL_TIM_PWM_Start
                0x0800d39c      0x200 ./Drivers/STM32G4xx_HAL_Driver/Src/stm32g4xx_hal_tim.o
                0x0800d39c                HAL_TIM_PWM_Start
 .text.HAL_TIM_PWM_Start_DMA
                0x0800d59c      0x430 ./Drivers/STM32G4xx_HAL_Driver/Src/stm32g4xx_hal_tim.o
                0x0800d59c                HAL_TIM_PWM_Start_DMA
 .text.HAL_TIM_PWM_Stop_DMA
                0x0800d9cc      0x1f4 ./Drivers/STM32G4xx_HAL_Driver/Src/stm32g4xx_hal_tim.o
                0x0800d9cc                HAL_TIM_PWM_Stop_DMA
 .text.HAL_TIM_IRQHandler
                0x0800dbc0      0x29e ./Drivers/STM32G4xx_HAL_Driver/Src/stm32g4xx_hal_tim.o
                0x0800dbc0                HAL_TIM_IRQHandler
 *fill*         0x0800de5e        0x2 
 .text.HAL_TIM_PWM_ConfigChannel
                0x0800de60      0x228 ./Drivers/STM32G4xx_HAL_Driver/Src/stm32g4xx_hal_tim.o
                0x0800de60                HAL_TIM_PWM_ConfigChannel
 .text.HAL_TIM_ConfigClockSource
                0x0800e088      0x1f4 ./Drivers/STM32G4xx_HAL_Driver/Src/stm32g4xx_hal_tim.o
                0x0800e088                HAL_TIM_ConfigClockSource
 .text.HAL_TIM_OC_DelayElapsedCallback
                0x0800e27c       0x14 ./Drivers/STM32G4xx_HAL_Driver/Src/stm32g4xx_hal_tim.o
                0x0800e27c                HAL_TIM_OC_DelayElapsedCallback
 .text.HAL_TIM_IC_CaptureCallback
                0x0800e290       0x14 ./Drivers/STM32G4xx_HAL_Driver/Src/stm32g4xx_hal_tim.o
                0x0800e290                HAL_TIM_IC_CaptureCallback
 .text.HAL_TIM_PWM_PulseFinishedHalfCpltCallback
                0x0800e2a4       0x14 ./Drivers/STM32G4xx_HAL_Driver/Src/stm32g4xx_hal_tim.o
                0x0800e2a4                HAL_TIM_PWM_PulseFinishedHalfCpltCallback
 .text.HAL_TIM_TriggerCallback
                0x0800e2b8       0x14 ./Drivers/STM32G4xx_HAL_Driver/Src/stm32g4xx_hal_tim.o
                0x0800e2b8                HAL_TIM_TriggerCallback
 .text.HAL_TIM_ErrorCallback
                0x0800e2cc       0x14 ./Drivers/STM32G4xx_HAL_Driver/Src/stm32g4xx_hal_tim.o
                0x0800e2cc                HAL_TIM_ErrorCallback
 .text.TIM_DMAError
                0x0800e2e0       0x92 ./Drivers/STM32G4xx_HAL_Driver/Src/stm32g4xx_hal_tim.o
                0x0800e2e0                TIM_DMAError
 .text.TIM_DMADelayPulseCplt
                0x0800e372       0xa8 ./Drivers/STM32G4xx_HAL_Driver/Src/stm32g4xx_hal_tim.o
 .text.TIM_DMADelayPulseHalfCplt
                0x0800e41a       0x68 ./Drivers/STM32G4xx_HAL_Driver/Src/stm32g4xx_hal_tim.o
                0x0800e41a                TIM_DMADelayPulseHalfCplt
 *fill*         0x0800e482        0x2 
 .text.TIM_Base_SetConfig
                0x0800e484      0x12c ./Drivers/STM32G4xx_HAL_Driver/Src/stm32g4xx_hal_tim.o
                0x0800e484                TIM_Base_SetConfig
 .text.TIM_OC1_SetConfig
                0x0800e5b0      0x124 ./Drivers/STM32G4xx_HAL_Driver/Src/stm32g4xx_hal_tim.o
 .text.TIM_OC2_SetConfig
                0x0800e6d4      0x118 ./Drivers/STM32G4xx_HAL_Driver/Src/stm32g4xx_hal_tim.o
                0x0800e6d4                TIM_OC2_SetConfig
 .text.TIM_OC3_SetConfig
                0x0800e7ec      0x114 ./Drivers/STM32G4xx_HAL_Driver/Src/stm32g4xx_hal_tim.o
 .text.TIM_OC4_SetConfig
                0x0800e900      0x118 ./Drivers/STM32G4xx_HAL_Driver/Src/stm32g4xx_hal_tim.o
 .text.TIM_OC5_SetConfig
                0x0800ea18       0xc8 ./Drivers/STM32G4xx_HAL_Driver/Src/stm32g4xx_hal_tim.o
 .text.TIM_OC6_SetConfig
                0x0800eae0       0xcc ./Drivers/STM32G4xx_HAL_Driver/Src/stm32g4xx_hal_tim.o
 .text.TIM_TI1_ConfigInputStage
                0x0800ebac       0xa8 ./Drivers/STM32G4xx_HAL_Driver/Src/stm32g4xx_hal_tim.o
 .text.TIM_TI2_ConfigInputStage
                0x0800ec54       0x84 ./Drivers/STM32G4xx_HAL_Driver/Src/stm32g4xx_hal_tim.o
 .text.TIM_ITRx_SetConfig
                0x0800ecd8       0x3a ./Drivers/STM32G4xx_HAL_Driver/Src/stm32g4xx_hal_tim.o
 .text.TIM_ETR_SetConfig
                0x0800ed12       0x40 ./Drivers/STM32G4xx_HAL_Driver/Src/stm32g4xx_hal_tim.o
                0x0800ed12                TIM_ETR_SetConfig
 .text.TIM_CCxChannelCmd
                0x0800ed52       0x4a ./Drivers/STM32G4xx_HAL_Driver/Src/stm32g4xx_hal_tim.o
                0x0800ed52                TIM_CCxChannelCmd
 .text.HAL_TIMEx_MasterConfigSynchronization
                0x0800ed9c      0x104 ./Drivers/STM32G4xx_HAL_Driver/Src/stm32g4xx_hal_tim_ex.o
                0x0800ed9c                HAL_TIMEx_MasterConfigSynchronization
 .text.HAL_TIMEx_CommutCallback
                0x0800eea0       0x14 ./Drivers/STM32G4xx_HAL_Driver/Src/stm32g4xx_hal_tim_ex.o
                0x0800eea0                HAL_TIMEx_CommutCallback
 .text.HAL_TIMEx_BreakCallback
                0x0800eeb4       0x14 ./Drivers/STM32G4xx_HAL_Driver/Src/stm32g4xx_hal_tim_ex.o
                0x0800eeb4                HAL_TIMEx_BreakCallback
 .text.HAL_TIMEx_Break2Callback
                0x0800eec8       0x14 ./Drivers/STM32G4xx_HAL_Driver/Src/stm32g4xx_hal_tim_ex.o
                0x0800eec8                HAL_TIMEx_Break2Callback
 .text.HAL_TIMEx_EncoderIndexCallback
                0x0800eedc       0x14 ./Drivers/STM32G4xx_HAL_Driver/Src/stm32g4xx_hal_tim_ex.o
                0x0800eedc                HAL_TIMEx_EncoderIndexCallback
 .text.HAL_TIMEx_DirectionChangeCallback
                0x0800eef0       0x14 ./Drivers/STM32G4xx_HAL_Driver/Src/stm32g4xx_hal_tim_ex.o
                0x0800eef0                HAL_TIMEx_DirectionChangeCallback
 .text.HAL_TIMEx_IndexErrorCallback
                0x0800ef04       0x14 ./Drivers/STM32G4xx_HAL_Driver/Src/stm32g4xx_hal_tim_ex.o
                0x0800ef04                HAL_TIMEx_IndexErrorCallback
 .text.HAL_TIMEx_TransitionErrorCallback
                0x0800ef18       0x14 ./Drivers/STM32G4xx_HAL_Driver/Src/stm32g4xx_hal_tim_ex.o
                0x0800ef18                HAL_TIMEx_TransitionErrorCallback
 .text.HAL_UART_Init
                0x0800ef2c       0xa0 ./Drivers/STM32G4xx_HAL_Driver/Src/stm32g4xx_hal_uart.o
                0x0800ef2c                HAL_UART_Init
 .text.HAL_HalfDuplex_Init
                0x0800efcc       0xb0 ./Drivers/STM32G4xx_HAL_Driver/Src/stm32g4xx_hal_uart.o
                0x0800efcc                HAL_HalfDuplex_Init
 .text.HAL_UART_Transmit
                0x0800f07c      0x132 ./Drivers/STM32G4xx_HAL_Driver/Src/stm32g4xx_hal_uart.o
                0x0800f07c                HAL_UART_Transmit
 *fill*         0x0800f1ae        0x2 
 .text.HAL_UART_Receive_DMA
                0x0800f1b0       0x98 ./Drivers/STM32G4xx_HAL_Driver/Src/stm32g4xx_hal_uart.o
                0x0800f1b0                HAL_UART_Receive_DMA
 .text.HAL_UART_AbortReceive_IT
                0x0800f248      0x18c ./Drivers/STM32G4xx_HAL_Driver/Src/stm32g4xx_hal_uart.o
                0x0800f248                HAL_UART_AbortReceive_IT
 .text.HAL_UART_IRQHandler
                0x0800f3d4      0x684 ./Drivers/STM32G4xx_HAL_Driver/Src/stm32g4xx_hal_uart.o
                0x0800f3d4                HAL_UART_IRQHandler
 .text.HAL_UART_TxCpltCallback
                0x0800fa58       0x14 ./Drivers/STM32G4xx_HAL_Driver/Src/stm32g4xx_hal_uart.o
                0x0800fa58                HAL_UART_TxCpltCallback
 .text.HAL_UART_RxHalfCpltCallback
                0x0800fa6c       0x14 ./Drivers/STM32G4xx_HAL_Driver/Src/stm32g4xx_hal_uart.o
                0x0800fa6c                HAL_UART_RxHalfCpltCallback
 .text.HAL_UART_ErrorCallback
                0x0800fa80       0x14 ./Drivers/STM32G4xx_HAL_Driver/Src/stm32g4xx_hal_uart.o
                0x0800fa80                HAL_UART_ErrorCallback
 .text.HAL_UART_AbortReceiveCpltCallback
                0x0800fa94       0x14 ./Drivers/STM32G4xx_HAL_Driver/Src/stm32g4xx_hal_uart.o
                0x0800fa94                HAL_UART_AbortReceiveCpltCallback
 .text.HAL_UARTEx_RxEventCallback
                0x0800faa8       0x18 ./Drivers/STM32G4xx_HAL_Driver/Src/stm32g4xx_hal_uart.o
                0x0800faa8                HAL_UARTEx_RxEventCallback
 .text.HAL_HalfDuplex_EnableTransmitter
                0x0800fac0       0xa8 ./Drivers/STM32G4xx_HAL_Driver/Src/stm32g4xx_hal_uart.o
                0x0800fac0                HAL_HalfDuplex_EnableTransmitter
 .text.HAL_HalfDuplex_EnableReceiver
                0x0800fb68       0xa8 ./Drivers/STM32G4xx_HAL_Driver/Src/stm32g4xx_hal_uart.o
                0x0800fb68                HAL_HalfDuplex_EnableReceiver
 .text.UART_SetConfig
                0x0800fc10      0x598 ./Drivers/STM32G4xx_HAL_Driver/Src/stm32g4xx_hal_uart.o
                0x0800fc10                UART_SetConfig
 .text.UART_AdvFeatureConfig
                0x080101a8      0x144 ./Drivers/STM32G4xx_HAL_Driver/Src/stm32g4xx_hal_uart.o
                0x080101a8                UART_AdvFeatureConfig
 .text.UART_CheckIdleState
                0x080102ec      0x154 ./Drivers/STM32G4xx_HAL_Driver/Src/stm32g4xx_hal_uart.o
                0x080102ec                UART_CheckIdleState
 .text.UART_WaitOnFlagUntilTimeout
                0x08010440       0xda ./Drivers/STM32G4xx_HAL_Driver/Src/stm32g4xx_hal_uart.o
                0x08010440                UART_WaitOnFlagUntilTimeout
 *fill*         0x0801051a        0x2 
 .text.UART_Start_Receive_DMA
                0x0801051c      0x14c ./Drivers/STM32G4xx_HAL_Driver/Src/stm32g4xx_hal_uart.o
                0x0801051c                UART_Start_Receive_DMA
 .text.UART_EndTxTransfer
                0x08010668       0x82 ./Drivers/STM32G4xx_HAL_Driver/Src/stm32g4xx_hal_uart.o
 .text.UART_EndRxTransfer
                0x080106ea       0xcc ./Drivers/STM32G4xx_HAL_Driver/Src/stm32g4xx_hal_uart.o
 .text.UART_DMAReceiveCplt
                0x080107b6      0x162 ./Drivers/STM32G4xx_HAL_Driver/Src/stm32g4xx_hal_uart.o
 .text.UART_DMARxHalfCplt
                0x08010918       0x72 ./Drivers/STM32G4xx_HAL_Driver/Src/stm32g4xx_hal_uart.o
 .text.UART_DMAError
                0x0801098a       0x70 ./Drivers/STM32G4xx_HAL_Driver/Src/stm32g4xx_hal_uart.o
 .text.UART_DMAAbortOnError
                0x080109fa       0x1c ./Drivers/STM32G4xx_HAL_Driver/Src/stm32g4xx_hal_uart.o
 .text.UART_DMARxOnlyAbortCallback
                0x08010a16       0x42 ./Drivers/STM32G4xx_HAL_Driver/Src/stm32g4xx_hal_uart.o
 .text.UART_EndTransmit_IT
                0x08010a58       0x56 ./Drivers/STM32G4xx_HAL_Driver/Src/stm32g4xx_hal_uart.o
 .text.HAL_UARTEx_WakeupCallback
                0x08010aae       0x14 ./Drivers/STM32G4xx_HAL_Driver/Src/stm32g4xx_hal_uart_ex.o
                0x08010aae                HAL_UARTEx_WakeupCallback
 .text.HAL_UARTEx_RxFifoFullCallback
                0x08010ac2       0x14 ./Drivers/STM32G4xx_HAL_Driver/Src/stm32g4xx_hal_uart_ex.o
                0x08010ac2                HAL_UARTEx_RxFifoFullCallback
 .text.HAL_UARTEx_TxFifoEmptyCallback
                0x08010ad6       0x14 ./Drivers/STM32G4xx_HAL_Driver/Src/stm32g4xx_hal_uart_ex.o
                0x08010ad6                HAL_UARTEx_TxFifoEmptyCallback
 .text.HAL_UARTEx_DisableFifoMode
                0x08010aea       0x72 ./Drivers/STM32G4xx_HAL_Driver/Src/stm32g4xx_hal_uart_ex.o
                0x08010aea                HAL_UARTEx_DisableFifoMode
 .text.HAL_UARTEx_SetTxFifoThreshold
                0x08010b5c       0x7c ./Drivers/STM32G4xx_HAL_Driver/Src/stm32g4xx_hal_uart_ex.o
                0x08010b5c                HAL_UARTEx_SetTxFifoThreshold
 .text.HAL_UARTEx_SetRxFifoThreshold
                0x08010bd8       0x7c ./Drivers/STM32G4xx_HAL_Driver/Src/stm32g4xx_hal_uart_ex.o
                0x08010bd8                HAL_UARTEx_SetRxFifoThreshold
 .text.UARTEx_SetNbDataToProcess
                0x08010c54       0x9c ./Drivers/STM32G4xx_HAL_Driver/Src/stm32g4xx_hal_uart_ex.o
 .text.__NVIC_SetPriority
                0x08010cf0       0x54 ./Middlewares/Third_Party/FreeRTOS/Source/CMSIS_RTOS_V2/cmsis_os2.o
 .text.SysTick_Handler
                0x08010d44       0x20 ./Middlewares/Third_Party/FreeRTOS/Source/CMSIS_RTOS_V2/cmsis_os2.o
                0x08010d44                SysTick_Handler
 .text.SVC_Setup
                0x08010d64       0x12 ./Middlewares/Third_Party/FreeRTOS/Source/CMSIS_RTOS_V2/cmsis_os2.o
 *fill*         0x08010d76        0x2 
 .text.osKernelInitialize
                0x08010d78       0x48 ./Middlewares/Third_Party/FreeRTOS/Source/CMSIS_RTOS_V2/cmsis_os2.o
                0x08010d78                osKernelInitialize
 .text.osKernelStart
                0x08010dc0       0x4c ./Middlewares/Third_Party/FreeRTOS/Source/CMSIS_RTOS_V2/cmsis_os2.o
                0x08010dc0                osKernelStart
 .text.osThreadNew
                0x08010e0c      0x124 ./Middlewares/Third_Party/FreeRTOS/Source/CMSIS_RTOS_V2/cmsis_os2.o
                0x08010e0c                osThreadNew
 .text.osDelay  0x08010f30       0x36 ./Middlewares/Third_Party/FreeRTOS/Source/CMSIS_RTOS_V2/cmsis_os2.o
                0x08010f30                osDelay
 *fill*         0x08010f66        0x2 
 .text.vApplicationGetIdleTaskMemory
                0x08010f68       0x34 ./Middlewares/Third_Party/FreeRTOS/Source/CMSIS_RTOS_V2/cmsis_os2.o
                0x08010f68                vApplicationGetIdleTaskMemory
 .text.vApplicationGetTimerTaskMemory
                0x08010f9c       0x34 ./Middlewares/Third_Party/FreeRTOS/Source/CMSIS_RTOS_V2/cmsis_os2.o
                0x08010f9c                vApplicationGetTimerTaskMemory
 .text.vListInitialise
                0x08010fd0       0x40 ./Middlewares/Third_Party/FreeRTOS/Source/list.o
                0x08010fd0                vListInitialise
 .text.vListInitialiseItem
                0x08011010       0x1a ./Middlewares/Third_Party/FreeRTOS/Source/list.o
                0x08011010                vListInitialiseItem
 .text.vListInsertEnd
                0x0801102a       0x48 ./Middlewares/Third_Party/FreeRTOS/Source/list.o
                0x0801102a                vListInsertEnd
 .text.vListInsert
                0x08011072       0x72 ./Middlewares/Third_Party/FreeRTOS/Source/list.o
                0x08011072                vListInsert
 .text.uxListRemove
                0x080110e4       0x54 ./Middlewares/Third_Party/FreeRTOS/Source/list.o
                0x080110e4                uxListRemove
 .text.xQueueGenericReset
                0x08011138       0xd4 ./Middlewares/Third_Party/FreeRTOS/Source/queue.o
                0x08011138                xQueueGenericReset
 .text.xQueueGenericCreateStatic
                0x0801120c       0xfa ./Middlewares/Third_Party/FreeRTOS/Source/queue.o
                0x0801120c                xQueueGenericCreateStatic
 .text.prvInitialiseNewQueue
                0x08011306       0x46 ./Middlewares/Third_Party/FreeRTOS/Source/queue.o
 .text.xQueueGenericSend
                0x0801134c      0x204 ./Middlewares/Third_Party/FreeRTOS/Source/queue.o
                0x0801134c                xQueueGenericSend
 .text.xQueueGenericSendFromISR
                0x08011550      0x13c ./Middlewares/Third_Party/FreeRTOS/Source/queue.o
                0x08011550                xQueueGenericSendFromISR
 .text.xQueueReceive
                0x0801168c      0x1c4 ./Middlewares/Third_Party/FreeRTOS/Source/queue.o
                0x0801168c                xQueueReceive
 .text.prvCopyDataToQueue
                0x08011850       0xd4 ./Middlewares/Third_Party/FreeRTOS/Source/queue.o
 .text.prvCopyDataFromQueue
                0x08011924       0x4c ./Middlewares/Third_Party/FreeRTOS/Source/queue.o
 .text.prvUnlockQueue
                0x08011970       0xa4 ./Middlewares/Third_Party/FreeRTOS/Source/queue.o
 .text.prvIsQueueEmpty
                0x08011a14       0x2c ./Middlewares/Third_Party/FreeRTOS/Source/queue.o
 .text.prvIsQueueFull
                0x08011a40       0x30 ./Middlewares/Third_Party/FreeRTOS/Source/queue.o
 .text.vQueueAddToRegistry
                0x08011a70       0x54 ./Middlewares/Third_Party/FreeRTOS/Source/queue.o
                0x08011a70                vQueueAddToRegistry
 .text.vQueueWaitForMessageRestricted
                0x08011ac4       0x68 ./Middlewares/Third_Party/FreeRTOS/Source/queue.o
                0x08011ac4                vQueueWaitForMessageRestricted
 .text.xTaskCreateStatic
                0x08011b2c       0xc0 ./Middlewares/Third_Party/FreeRTOS/Source/tasks.o
                0x08011b2c                xTaskCreateStatic
 .text.xTaskCreate
                0x08011bec       0x8a ./Middlewares/Third_Party/FreeRTOS/Source/tasks.o
                0x08011bec                xTaskCreate
 .text.prvInitialiseNewTask
                0x08011c76      0x120 ./Middlewares/Third_Party/FreeRTOS/Source/tasks.o
 *fill*         0x08011d96        0x2 
 .text.prvAddNewTaskToReadyList
                0x08011d98       0xe0 ./Middlewares/Third_Party/FreeRTOS/Source/tasks.o
 .text.vTaskDelay
                0x08011e78       0x6c ./Middlewares/Third_Party/FreeRTOS/Source/tasks.o
                0x08011e78                vTaskDelay
 .text.vTaskStartScheduler
                0x08011ee4       0xd0 ./Middlewares/Third_Party/FreeRTOS/Source/tasks.o
                0x08011ee4                vTaskStartScheduler
 .text.vTaskSuspendAll
                0x08011fb4       0x1c ./Middlewares/Third_Party/FreeRTOS/Source/tasks.o
                0x08011fb4                vTaskSuspendAll
 .text.xTaskResumeAll
                0x08011fd0      0x13c ./Middlewares/Third_Party/FreeRTOS/Source/tasks.o
                0x08011fd0                xTaskResumeAll
 .text.xTaskGetTickCount
                0x0801210c       0x20 ./Middlewares/Third_Party/FreeRTOS/Source/tasks.o
                0x0801210c                xTaskGetTickCount
 .text.xTaskIncrementTick
                0x0801212c      0x174 ./Middlewares/Third_Party/FreeRTOS/Source/tasks.o
                0x0801212c                xTaskIncrementTick
 .text.vTaskSwitchContext
                0x080122a0       0xbc ./Middlewares/Third_Party/FreeRTOS/Source/tasks.o
                0x080122a0                vTaskSwitchContext
 .text.vTaskPlaceOnEventList
                0x0801235c       0x4c ./Middlewares/Third_Party/FreeRTOS/Source/tasks.o
                0x0801235c                vTaskPlaceOnEventList
 .text.vTaskPlaceOnEventListRestricted
                0x080123a8       0x58 ./Middlewares/Third_Party/FreeRTOS/Source/tasks.o
                0x080123a8                vTaskPlaceOnEventListRestricted
 .text.xTaskRemoveFromEventList
                0x08012400       0xc8 ./Middlewares/Third_Party/FreeRTOS/Source/tasks.o
                0x08012400                xTaskRemoveFromEventList
 .text.vTaskInternalSetTimeOutState
                0x080124c8       0x2c ./Middlewares/Third_Party/FreeRTOS/Source/tasks.o
                0x080124c8                vTaskInternalSetTimeOutState
 .text.xTaskCheckForTimeOut
                0x080124f4       0xc8 ./Middlewares/Third_Party/FreeRTOS/Source/tasks.o
                0x080124f4                xTaskCheckForTimeOut
 .text.vTaskMissedYield
                0x080125bc       0x18 ./Middlewares/Third_Party/FreeRTOS/Source/tasks.o
                0x080125bc                vTaskMissedYield
 .text.prvIdleTask
                0x080125d4       0x30 ./Middlewares/Third_Party/FreeRTOS/Source/tasks.o
 .text.prvInitialiseTaskLists
                0x08012604       0x80 ./Middlewares/Third_Party/FreeRTOS/Source/tasks.o
 .text.prvCheckTasksWaitingTermination
                0x08012684       0x5c ./Middlewares/Third_Party/FreeRTOS/Source/tasks.o
 .text.prvDeleteTCB
                0x080126e0       0x60 ./Middlewares/Third_Party/FreeRTOS/Source/tasks.o
 .text.prvResetNextTaskUnblockTime
                0x08012740       0x40 ./Middlewares/Third_Party/FreeRTOS/Source/tasks.o
 .text.xTaskGetSchedulerState
                0x08012780       0x3c ./Middlewares/Third_Party/FreeRTOS/Source/tasks.o
                0x08012780                xTaskGetSchedulerState
 .text.xTaskPriorityDisinherit
                0x080127bc       0xe0 ./Middlewares/Third_Party/FreeRTOS/Source/tasks.o
                0x080127bc                xTaskPriorityDisinherit
 .text.prvAddCurrentTaskToDelayedList
                0x0801289c       0xa8 ./Middlewares/Third_Party/FreeRTOS/Source/tasks.o
 .text.xTimerCreateTimerTask
                0x08012944       0x94 ./Middlewares/Third_Party/FreeRTOS/Source/timers.o
                0x08012944                xTimerCreateTimerTask
 .text.xTimerGenericCommand
                0x080129d8       0x9c ./Middlewares/Third_Party/FreeRTOS/Source/timers.o
                0x080129d8                xTimerGenericCommand
 .text.prvProcessExpiredTimer
                0x08012a74       0x9c ./Middlewares/Third_Party/FreeRTOS/Source/timers.o
 .text.prvTimerTask
                0x08012b10       0x26 ./Middlewares/Third_Party/FreeRTOS/Source/timers.o
 *fill*         0x08012b36        0x2 
 .text.prvProcessTimerOrBlockTask
                0x08012b38       0x9c ./Middlewares/Third_Party/FreeRTOS/Source/timers.o
 .text.prvGetNextExpireTime
                0x08012bd4       0x48 ./Middlewares/Third_Party/FreeRTOS/Source/timers.o
 .text.prvSampleTimeNow
                0x08012c1c       0x40 ./Middlewares/Third_Party/FreeRTOS/Source/timers.o
 .text.prvInsertTimerInActiveList
                0x08012c5c       0x84 ./Middlewares/Third_Party/FreeRTOS/Source/timers.o
 .text.prvProcessReceivedCommands
                0x08012ce0      0x1cc ./Middlewares/Third_Party/FreeRTOS/Source/timers.o
 .text.prvSwitchTimerLists
                0x08012eac       0xcc ./Middlewares/Third_Party/FreeRTOS/Source/timers.o
 .text.prvCheckForValidListAndQueue
                0x08012f78       0x80 ./Middlewares/Third_Party/FreeRTOS/Source/timers.o
 .text.pxPortInitialiseStack
                0x08012ff8       0x68 ./Middlewares/Third_Party/FreeRTOS/Source/portable/GCC/ARM_CM4F/port.o
                0x08012ff8                pxPortInitialiseStack
 .text.prvTaskExitError
                0x08013060       0x5c ./Middlewares/Third_Party/FreeRTOS/Source/portable/GCC/ARM_CM4F/port.o
 *fill*         0x080130bc        0x4 
 .text.SVC_Handler
                0x080130c0       0x28 ./Middlewares/Third_Party/FreeRTOS/Source/portable/GCC/ARM_CM4F/port.o
                0x080130c0                SVC_Handler
 .text.prvPortStartFirstTask
                0x080130e8       0x28 ./Middlewares/Third_Party/FreeRTOS/Source/portable/GCC/ARM_CM4F/port.o
 .text.xPortStartScheduler
                0x08013110      0x148 ./Middlewares/Third_Party/FreeRTOS/Source/portable/GCC/ARM_CM4F/port.o
                0x08013110                xPortStartScheduler
 .text.vPortEnterCritical
                0x08013258       0x64 ./Middlewares/Third_Party/FreeRTOS/Source/portable/GCC/ARM_CM4F/port.o
                0x08013258                vPortEnterCritical
 .text.vPortExitCritical
                0x080132bc       0x54 ./Middlewares/Third_Party/FreeRTOS/Source/portable/GCC/ARM_CM4F/port.o
                0x080132bc                vPortExitCritical
 .text.PendSV_Handler
                0x08013310       0x68 ./Middlewares/Third_Party/FreeRTOS/Source/portable/GCC/ARM_CM4F/port.o
                0x08013310                PendSV_Handler
 .text.xPortSysTickHandler
                0x08013378       0x44 ./Middlewares/Third_Party/FreeRTOS/Source/portable/GCC/ARM_CM4F/port.o
                0x08013378                xPortSysTickHandler
 .text.vPortSetupTimerInterrupt
                0x080133bc       0x48 ./Middlewares/Third_Party/FreeRTOS/Source/portable/GCC/ARM_CM4F/port.o
                0x080133bc                vPortSetupTimerInterrupt
 .text.vPortEnableVFP
                0x08013404       0x14 ./Middlewares/Third_Party/FreeRTOS/Source/portable/GCC/ARM_CM4F/port.o
 .text.vPortValidateInterruptPriority
                0x08013418       0x84 ./Middlewares/Third_Party/FreeRTOS/Source/portable/GCC/ARM_CM4F/port.o
                0x08013418                vPortValidateInterruptPriority
 .text.pvPortMalloc
                0x0801349c      0x19c ./Middlewares/Third_Party/FreeRTOS/Source/portable/MemMang/heap_4.o
                0x0801349c                pvPortMalloc
 .text.vPortFree
                0x08013638       0xc8 ./Middlewares/Third_Party/FreeRTOS/Source/portable/MemMang/heap_4.o
                0x08013638                vPortFree
 .text.prvHeapInit
                0x08013700       0xc4 ./Middlewares/Third_Party/FreeRTOS/Source/portable/MemMang/heap_4.o
 .text.prvInsertBlockIntoFreeList
                0x080137c4       0xb4 ./Middlewares/Third_Party/FreeRTOS/Source/portable/MemMang/heap_4.o
 .text.memset   0x08013878       0x10 /opt/st/stm32cubeide_1.19.0/plugins/com.st.stm32cube.ide.mcu.externaltools.gnu-tools-for-stm32.13.3.rel1.linux64_1.0.0.202410170706/tools/bin/../lib/gcc/arm-none-eabi/13.3.1/../../../../arm-none-eabi/lib/thumb/v7e-m+fp/hard/libc_nano.a(libc_a-memset.o)
                0x08013878                memset
 .text.__libc_init_array
                0x08013888       0x48 /opt/st/stm32cubeide_1.19.0/plugins/com.st.stm32cube.ide.mcu.externaltools.gnu-tools-for-stm32.13.3.rel1.linux64_1.0.0.202410170706/tools/bin/../lib/gcc/arm-none-eabi/13.3.1/../../../../arm-none-eabi/lib/thumb/v7e-m+fp/hard/libc_nano.a(libc_a-init.o)
                0x08013888                __libc_init_array
 .text.strcpy   0x080138d0       0x10 /opt/st/stm32cubeide_1.19.0/plugins/com.st.stm32cube.ide.mcu.externaltools.gnu-tools-for-stm32.13.3.rel1.linux64_1.0.0.202410170706/tools/bin/../lib/gcc/arm-none-eabi/13.3.1/../../../../arm-none-eabi/lib/thumb/v7e-m+fp/hard/libc_nano.a(libc_a-strcpy.o)
                0x080138d0                strcpy
 .text.memcpy   0x080138e0       0x1c /opt/st/stm32cubeide_1.19.0/plugins/com.st.stm32cube.ide.mcu.externaltools.gnu-tools-for-stm32.13.3.rel1.linux64_1.0.0.202410170706/tools/bin/../lib/gcc/arm-none-eabi/13.3.1/../../../../arm-none-eabi/lib/thumb/v7e-m+fp/hard/libc_nano.a(libc_a-memcpy-stub.o)
                0x080138e0                memcpy
 *(.glue_7)
 .glue_7        0x080138fc        0x0 linker stubs
 *(.glue_7t)
 .glue_7t       0x080138fc        0x0 linker stubs
 *(.eh_frame)
 .eh_frame      0x080138fc        0x0 /opt/st/stm32cubeide_1.19.0/plugins/com.st.stm32cube.ide.mcu.externaltools.gnu-tools-for-stm32.13.3.rel1.linux64_1.0.0.202410170706/tools/bin/../lib/gcc/arm-none-eabi/13.3.1/thumb/v7e-m+fp/hard/crtbegin.o
 *(.init)
 .init          0x080138fc        0x4 /opt/st/stm32cubeide_1.19.0/plugins/com.st.stm32cube.ide.mcu.externaltools.gnu-tools-for-stm32.13.3.rel1.linux64_1.0.0.202410170706/tools/bin/../lib/gcc/arm-none-eabi/13.3.1/thumb/v7e-m+fp/hard/crti.o
                0x080138fc                _init
 .init          0x08013900        0x8 /opt/st/stm32cubeide_1.19.0/plugins/com.st.stm32cube.ide.mcu.externaltools.gnu-tools-for-stm32.13.3.rel1.linux64_1.0.0.202410170706/tools/bin/../lib/gcc/arm-none-eabi/13.3.1/thumb/v7e-m+fp/hard/crtn.o
 *(.fini)
 .fini          0x08013908        0x4 /opt/st/stm32cubeide_1.19.0/plugins/com.st.stm32cube.ide.mcu.externaltools.gnu-tools-for-stm32.13.3.rel1.linux64_1.0.0.202410170706/tools/bin/../lib/gcc/arm-none-eabi/13.3.1/thumb/v7e-m+fp/hard/crti.o
                0x08013908                _fini
 .fini          0x0801390c        0x8 /opt/st/stm32cubeide_1.19.0/plugins/com.st.stm32cube.ide.mcu.externaltools.gnu-tools-for-stm32.13.3.rel1.linux64_1.0.0.202410170706/tools/bin/../lib/gcc/arm-none-eabi/13.3.1/thumb/v7e-m+fp/hard/crtn.o
                0x08013914                        . = ALIGN (0x4)
                0x08013914                        _etext = .

.vfp11_veneer   0x08013914        0x0
 .vfp11_veneer  0x08013914        0x0 linker stubs

.v4_bx          0x08013914        0x0
 .v4_bx         0x08013914        0x0 linker stubs

.iplt           0x08013914        0x0
 .iplt          0x08013914        0x0 /opt/st/stm32cubeide_1.19.0/plugins/com.st.stm32cube.ide.mcu.externaltools.gnu-tools-for-stm32.13.3.rel1.linux64_1.0.0.202410170706/tools/bin/../lib/gcc/arm-none-eabi/13.3.1/thumb/v7e-m+fp/hard/crtbegin.o

.rodata         0x08013914      0x33c
                0x08013914                        . = ALIGN (0x4)
 *(.rodata)
 .rodata        0x08013914       0x1b ./Core/Src/main.o
 *fill*         0x0801392f        0x1 
 .rodata        0x08013930       0x7e ./Core/Src/tof_manager.o
 *fill*         0x080139ae        0x2 
 .rodata        0x080139b0        0x5 ./Middlewares/Third_Party/FreeRTOS/Source/tasks.o
 *fill*         0x080139b5        0x3 
 .rodata        0x080139b8        0xd ./Middlewares/Third_Party/FreeRTOS/Source/timers.o
 *(.rodata*)
 *fill*         0x080139c5        0x3 
 .rodata.crc_table
                0x080139c8      0x200 ./Core/Src/XL_430.o
 .rodata.Sytem_Task_attributes
                0x08013bc8       0x24 ./Core/Src/main.o
                0x08013bc8                Sytem_Task_attributes
 .rodata.Action_Control_attributes
                0x08013bec       0x24 ./Core/Src/main.o
                0x08013bec                Action_Control_attributes
 .rodata.AHBPrescTable
                0x08013c10       0x10 ./Core/Src/system_stm32g4xx.o
                0x08013c10                AHBPrescTable
 .rodata.APBPrescTable
                0x08013c20        0x8 ./Core/Src/system_stm32g4xx.o
                0x08013c20                APBPrescTable
 .rodata.UARTPrescTable
                0x08013c28       0x18 ./Drivers/STM32G4xx_HAL_Driver/Src/stm32g4xx_hal_uart.o
                0x08013c28                UARTPrescTable
 .rodata.numerator.1
                0x08013c40        0x8 ./Drivers/STM32G4xx_HAL_Driver/Src/stm32g4xx_hal_uart_ex.o
 .rodata.denominator.0
                0x08013c48        0x8 ./Drivers/STM32G4xx_HAL_Driver/Src/stm32g4xx_hal_uart_ex.o
                0x08013c50                        . = ALIGN (0x4)

.ARM.extab      0x08013c50        0x0
                0x08013c50                        . = ALIGN (0x4)
 *(.ARM.extab* .gnu.linkonce.armextab.*)
                0x08013c50                        . = ALIGN (0x4)

.ARM            0x08013c50        0x8
                0x08013c50                        . = ALIGN (0x4)
                0x08013c50                        __exidx_start = .
 *(.ARM.exidx*)
 .ARM.exidx     0x08013c50        0x8 /opt/st/stm32cubeide_1.19.0/plugins/com.st.stm32cube.ide.mcu.externaltools.gnu-tools-for-stm32.13.3.rel1.linux64_1.0.0.202410170706/tools/bin/../lib/gcc/arm-none-eabi/13.3.1/thumb/v7e-m+fp/hard/libgcc.a(_udivmoddi4.o)
                0x08013c58                        __exidx_end = .
                0x08013c58                        . = ALIGN (0x4)

.preinit_array  0x08013c58        0x0
                0x08013c58                        . = ALIGN (0x4)
                0x08013c58                        PROVIDE (__preinit_array_start = .)
 *(.preinit_array*)
                0x08013c58                        PROVIDE (__preinit_array_end = .)
                0x08013c58                        . = ALIGN (0x4)

.init_array     0x08013c58        0x4
                0x08013c58                        . = ALIGN (0x4)
                0x08013c58                        PROVIDE (__init_array_start = .)
 *(SORT_BY_NAME(.init_array.*))
 *(.init_array*)
 .init_array    0x08013c58        0x4 /opt/st/stm32cubeide_1.19.0/plugins/com.st.stm32cube.ide.mcu.externaltools.gnu-tools-for-stm32.13.3.rel1.linux64_1.0.0.202410170706/tools/bin/../lib/gcc/arm-none-eabi/13.3.1/thumb/v7e-m+fp/hard/crtbegin.o
                0x08013c5c                        PROVIDE (__init_array_end = .)
                0x08013c5c                        . = ALIGN (0x4)

.fini_array     0x08013c5c        0x4
                0x08013c5c                        . = ALIGN (0x4)
                [!provide]                        PROVIDE (__fini_array_start = .)
 *(SORT_BY_NAME(.fini_array.*))
 *(.fini_array*)
 .fini_array    0x08013c5c        0x4 /opt/st/stm32cubeide_1.19.0/plugins/com.st.stm32cube.ide.mcu.externaltools.gnu-tools-for-stm32.13.3.rel1.linux64_1.0.0.202410170706/tools/bin/../lib/gcc/arm-none-eabi/13.3.1/thumb/v7e-m+fp/hard/crtbegin.o
                [!provide]                        PROVIDE (__fini_array_end = .)
                0x08013c60                        . = ALIGN (0x4)
                0x08013c60                        _sidata = LOADADDR (.data)

.rel.dyn        0x08013c60        0x0
 .rel.iplt      0x08013c60        0x0 /opt/st/stm32cubeide_1.19.0/plugins/com.st.stm32cube.ide.mcu.externaltools.gnu-tools-for-stm32.13.3.rel1.linux64_1.0.0.202410170706/tools/bin/../lib/gcc/arm-none-eabi/13.3.1/thumb/v7e-m+fp/hard/crtbegin.o

.data           0x20000000      0x2d4 load address 0x08013c60
                0x20000000                        . = ALIGN (0x4)
                0x20000000                        _sdata = .
 *(.data)
 *(.data*)
 .data.motor_1_sens
                0x20000000        0x4 ./Core/Src/XL_430.o
 .data.team_is_yellow
                0x20000004        0x4 ./Core/Src/main.o
                0x20000004                team_is_yellow
 .data.SystemCoreClock
                0x20000008        0x4 ./Core/Src/system_stm32g4xx.o
                0x20000008                SystemCoreClock
 .data.DefaultTuningSettings
                0x2000000c       0xf3 ./Core/Src/VL53L0X/core/src/vl53l0x_api.o
                0x2000000c                DefaultTuningSettings
 *fill*         0x200000ff        0x1 
 .data.InterruptThresholdSettings
                0x20000100      0x1b6 ./Core/Src/VL53L0X/core/src/vl53l0x_api.o
                0x20000100                InterruptThresholdSettings
 *fill*         0x200002b6        0x2 
 .data.refArrayQuadrants
                0x200002b8       0x10 ./Core/Src/VL53L0X/core/src/vl53l0x_api_calibration.o
                0x200002b8                refArrayQuadrants
 .data.uwTickPrio
                0x200002c8        0x4 ./Drivers/STM32G4xx_HAL_Driver/Src/stm32g4xx_hal.o
                0x200002c8                uwTickPrio
 .data.uwTickFreq
                0x200002cc        0x4 ./Drivers/STM32G4xx_HAL_Driver/Src/stm32g4xx_hal.o
                0x200002cc                uwTickFreq
 .data.uxCriticalNesting
                0x200002d0        0x4 ./Middlewares/Third_Party/FreeRTOS/Source/portable/GCC/ARM_CM4F/port.o
 *(.RamFunc)
 *(.RamFunc*)
                0x200002d4                        . = ALIGN (0x4)
                0x200002d4                        _edata = .

.igot.plt       0x200002d4        0x0 load address 0x08013f34
 .igot.plt      0x200002d4        0x0 /opt/st/stm32cubeide_1.19.0/plugins/com.st.stm32cube.ide.mcu.externaltools.gnu-tools-for-stm32.13.3.rel1.linux64_1.0.0.202410170706/tools/bin/../lib/gcc/arm-none-eabi/13.3.1/thumb/v7e-m+fp/hard/crtbegin.o
                0x200002d4                        . = ALIGN (0x4)
