../Core/Src/XL_430.c:68:17:update_crc	24	static
../Core/Src/XL_430.c:77:13:XL430_Transmit	16	static
../Core/Src/XL_430.c:88:6:XL430_Init	16	static
../Core/Src/XL_430.c:93:6:XL430_WriteByte	40	static
../Core/Src/XL_430.c:116:6:XL430_WriteWord	40	static
../Core/Src/XL_430.c:140:6:XL430_WriteDWord	40	static
../Core/Src/XL_430.c:169:6:XL430_SetTorque	16	static
../Core/Src/XL_430.c:173:6:XL430_SetLED	16	static
../Core/Src/XL_430.c:178:6:XL430_SetGoalPosition	24	static
../Core/Src/XL_430.c:197:6:XL430_SetGoalVelocity	16	static
../Core/Src/XL_430.c:202:6:XL430_SetStatusReturnLevel	16	static
../Core/Src/XL_430.c:206:17:XL430_DegToTicks	16	static
../Core/Src/XL_430.c:211:6:XL430_SetPositionMode	16	static
../Core/Src/XL_430.c:223:6:XL430_GoToAngle	24	static
../Core/Src/XL_430.c:230:6:XL430_SetExtendedPositionMode	16	static
../Core/Src/XL_430.c:245:9:XL430_GetPresentPosition	48	static
../Core/Src/XL_430.c:308:5:Revs_to_number	16	static
../Core/Src/XL_430.c:313:6:XL430_SetVelocityMode	16	static
../Core/Src/XL_430.c:328:6:Motor_Init	8	static
../Core/Src/XL_430.c:342:6:XL430_SetVelocity_Sync	64	static
../Core/Src/XL_430.c:396:6:Robot_Wait_Until_Target	40	static
../Core/Src/XL_430.c:414:6:XL430_Update_PID	56	static
../Core/Src/XL_430.c:444:6:Robot_Move_Forward	48	static
../Core/Src/XL_430.c:475:6:Robot_Rotate	48	static
../Core/Src/XL_430.c:520:6:XL430_Square_Test	16	static
../Core/Src/XL_430.c:530:6:HAL_UART_RxCpltCallback	16	static
../Core/Src/XL_430.c:540:6:Robot_Move_Revolutions_Extended	56	static
../Core/Src/XL_430.c:579:6:Robot_Move_Backwards	48	static
../Core/Src/XL_430.c:608:6:ARM_UP	8	static
../Core/Src/XL_430.c:611:6:ARM_DOWN_1	8	static
../Core/Src/XL_430.c:614:6:ARM_DOWN_2	8	static
