../Drivers/STM32G4xx_HAL_Driver/Inc/stm32g4xx_ll_adc.h:3731:22:LL_ADC_SetCommonPathInternalCh	16	static
../Drivers/STM32G4xx_HAL_Driver/Inc/stm32g4xx_ll_adc.h:3813:26:LL_ADC_GetCommonPathInternalCh	16	static
../Drivers/STM32G4xx_HAL_Driver/Inc/stm32g4xx_ll_adc.h:3857:22:LL_ADC_SetCalibrationFactor	24	static
../Drivers/STM32G4xx_HAL_Driver/Inc/stm32g4xx_ll_adc.h:3882:26:LL_ADC_GetCalibrationFactor	16	static
../Drivers/STM32G4xx_HAL_Driver/Inc/stm32g4xx_ll_adc.h:4150:22:LL_ADC_SetOffset	32	static
../Drivers/STM32G4xx_HAL_Driver/Inc/stm32g4xx_ll_adc.h:4236:26:LL_ADC_GetOffsetChannel	24	static
../Drivers/STM32G4xx_HAL_Driver/Inc/stm32g4xx_ll_adc.h:4295:22:LL_ADC_SetOffsetState	32	static
../Drivers/STM32G4xx_HAL_Driver/Inc/stm32g4xx_ll_adc.h:4350:22:LL_ADC_SetOffsetSign	32	static
../Drivers/STM32G4xx_HAL_Driver/Inc/stm32g4xx_ll_adc.h:4405:22:LL_ADC_SetOffsetSaturation	32	static
../Drivers/STM32G4xx_HAL_Driver/Inc/stm32g4xx_ll_adc.h:4494:22:LL_ADC_SetSamplingTimeCommonConfig	16	static
../Drivers/STM32G4xx_HAL_Driver/Inc/stm32g4xx_ll_adc.h:4683:26:LL_ADC_REG_IsTriggerSourceSWStart	16	static
../Drivers/STM32G4xx_HAL_Driver/Inc/stm32g4xx_ll_adc.h:5481:26:LL_ADC_INJ_IsTriggerSourceSWStart	16	static
../Drivers/STM32G4xx_HAL_Driver/Inc/stm32g4xx_ll_adc.h:5814:26:LL_ADC_INJ_GetTrigAuto	16	static
../Drivers/STM32G4xx_HAL_Driver/Inc/stm32g4xx_ll_adc.h:5860:22:LL_ADC_INJ_SetQueueMode	16	static
../Drivers/STM32G4xx_HAL_Driver/Inc/stm32g4xx_ll_adc.h:6306:22:LL_ADC_SetChannelSamplingTime	32	static
../Drivers/STM32G4xx_HAL_Driver/Inc/stm32g4xx_ll_adc.h:6477:22:LL_ADC_SetChannelSingleDiff	24	static
../Drivers/STM32G4xx_HAL_Driver/Inc/stm32g4xx_ll_adc.h:7394:26:LL_ADC_GetMultimode	16	static
../Drivers/STM32G4xx_HAL_Driver/Inc/stm32g4xx_ll_adc.h:7585:22:LL_ADC_EnableDeepPowerDown	16	static
../Drivers/STM32G4xx_HAL_Driver/Inc/stm32g4xx_ll_adc.h:7660:22:LL_ADC_DisableInternalRegulator	16	static
../Drivers/STM32G4xx_HAL_Driver/Inc/stm32g4xx_ll_adc.h:7731:26:LL_ADC_IsEnabled	16	static
../Drivers/STM32G4xx_HAL_Driver/Inc/stm32g4xx_ll_adc.h:7770:22:LL_ADC_StartCalibration	16	static
../Drivers/STM32G4xx_HAL_Driver/Inc/stm32g4xx_ll_adc.h:7786:26:LL_ADC_IsCalibrationOnGoing	16	static
../Drivers/STM32G4xx_HAL_Driver/Inc/stm32g4xx_ll_adc.h:7817:22:LL_ADC_REG_StartConversion	16	static
../Drivers/STM32G4xx_HAL_Driver/Inc/stm32g4xx_ll_adc.h:7853:26:LL_ADC_REG_IsConversionOngoing	16	static
../Drivers/STM32G4xx_HAL_Driver/Inc/stm32g4xx_ll_adc.h:8043:22:LL_ADC_INJ_StartConversion	16	static
../Drivers/STM32G4xx_HAL_Driver/Inc/stm32g4xx_ll_adc.h:8079:26:LL_ADC_INJ_IsConversionOngoing	16	static
../Drivers/STM32G4xx_HAL_Driver/Src/stm32g4xx_hal_adc_ex.c:126:19:HAL_ADCEx_Calibration_Start	24	static
../Drivers/STM32G4xx_HAL_Driver/Src/stm32g4xx_hal_adc_ex.c:200:10:HAL_ADCEx_Calibration_GetValue	16	static
../Drivers/STM32G4xx_HAL_Driver/Src/stm32g4xx_hal_adc_ex.c:220:19:HAL_ADCEx_Calibration_SetValue	40	static
../Drivers/STM32G4xx_HAL_Driver/Src/stm32g4xx_hal_adc_ex.c:277:19:HAL_ADCEx_InjectedStart	32	static
../Drivers/STM32G4xx_HAL_Driver/Src/stm32g4xx_hal_adc_ex.c:426:19:HAL_ADCEx_InjectedStop	24	static
../Drivers/STM32G4xx_HAL_Driver/Src/stm32g4xx_hal_adc_ex.c:481:19:HAL_ADCEx_InjectedPollForConversion	48	static
../Drivers/STM32G4xx_HAL_Driver/Src/stm32g4xx_hal_adc_ex.c:622:19:HAL_ADCEx_InjectedStart_IT	32	static
../Drivers/STM32G4xx_HAL_Driver/Src/stm32g4xx_hal_adc_ex.c:795:19:HAL_ADCEx_InjectedStop_IT	24	static
../Drivers/STM32G4xx_HAL_Driver/Src/stm32g4xx_hal_adc_ex.c:862:19:HAL_ADCEx_MultiModeStart_DMA	144	static
../Drivers/STM32G4xx_HAL_Driver/Src/stm32g4xx_hal_adc_ex.c:981:19:HAL_ADCEx_MultiModeStop_DMA	144	static
../Drivers/STM32G4xx_HAL_Driver/Src/stm32g4xx_hal_adc_ex.c:1107:10:HAL_ADCEx_MultiModeGetValue	24	static
../Drivers/STM32G4xx_HAL_Driver/Src/stm32g4xx_hal_adc_ex.c:1154:10:HAL_ADCEx_InjectedGetValue	24	static
../Drivers/STM32G4xx_HAL_Driver/Src/stm32g4xx_hal_adc_ex.c:1189:13:HAL_ADCEx_InjectedConvCpltCallback	16	static
../Drivers/STM32G4xx_HAL_Driver/Src/stm32g4xx_hal_adc_ex.c:1208:13:HAL_ADCEx_InjectedQueueOverflowCallback	16	static
../Drivers/STM32G4xx_HAL_Driver/Src/stm32g4xx_hal_adc_ex.c:1223:13:HAL_ADCEx_LevelOutOfWindow2Callback	16	static
../Drivers/STM32G4xx_HAL_Driver/Src/stm32g4xx_hal_adc_ex.c:1238:13:HAL_ADCEx_LevelOutOfWindow3Callback	16	static
../Drivers/STM32G4xx_HAL_Driver/Src/stm32g4xx_hal_adc_ex.c:1254:13:HAL_ADCEx_EndOfSamplingCallback	16	static
../Drivers/STM32G4xx_HAL_Driver/Src/stm32g4xx_hal_adc_ex.c:1271:19:HAL_ADCEx_RegularStop	24	static
../Drivers/STM32G4xx_HAL_Driver/Src/stm32g4xx_hal_adc_ex.c:1329:19:HAL_ADCEx_RegularStop_IT	24	static
../Drivers/STM32G4xx_HAL_Driver/Src/stm32g4xx_hal_adc_ex.c:1389:19:HAL_ADCEx_RegularStop_DMA	24	static
../Drivers/STM32G4xx_HAL_Driver/Src/stm32g4xx_hal_adc_ex.c:1480:19:HAL_ADCEx_RegularMultiModeStop_DMA	136	static
../Drivers/STM32G4xx_HAL_Driver/Src/stm32g4xx_hal_adc_ex.c:1668:19:HAL_ADCEx_InjectedConfigChannel	224	static,ignoring_inline_asm
../Drivers/STM32G4xx_HAL_Driver/Src/stm32g4xx_hal_adc_ex.c:2125:19:HAL_ADCEx_MultiModeConfigChannel	144	static
../Drivers/STM32G4xx_HAL_Driver/Src/stm32g4xx_hal_adc_ex.c:2242:19:HAL_ADCEx_EnableInjectedQueue	32	static
../Drivers/STM32G4xx_HAL_Driver/Src/stm32g4xx_hal_adc_ex.c:2283:19:HAL_ADCEx_DisableInjectedQueue	32	static
../Drivers/STM32G4xx_HAL_Driver/Src/stm32g4xx_hal_adc_ex.c:2320:19:HAL_ADCEx_DisableVoltageRegulator	24	static
../Drivers/STM32G4xx_HAL_Driver/Src/stm32g4xx_hal_adc_ex.c:2357:19:HAL_ADCEx_EnterADCDeepPowerDownMode	24	static
